Archive member included because of file (symbol)

/home/fcuzzocrea/.matlab/SupportPackages/R2018B/3P.instrset/arduinoide.instrset/idepkgs/packages/arduino/hardware/sam/1.6.11/variants/arduino_due_x/libsam_sam3x8e_gcc_rel.a(startup_sam3xa.o)
                              (Reset_Handler)
/home/fcuzzocrea/.matlab/SupportPackages/R2018B/3P.instrset/arduinoide.instrset/idepkgs/packages/arduino/hardware/sam/1.6.11/variants/arduino_due_x/libsam_sam3x8e_gcc_rel.a(uotghs.o)
                              /home/fcuzzocrea/.matlab/SupportPackages/R2018B/3P.instrset/arduinoide.instrset/idepkgs/packages/arduino/hardware/sam/1.6.11/variants/arduino_due_x/libsam_sam3x8e_gcc_rel.a(startup_sam3xa.o) (UOTGHS_Handler)
/home/fcuzzocrea/Documenti/Progetti/SADC2017/Assignment/On_ert_rtw/coderassumptions/lib/On_ca.a(On_ca.o)
                              coder_assumptions_app.o (On_caRunTests)
/home/fcuzzocrea/Documenti/Progetti/SADC2017/Assignment/On_ert_rtw/coderassumptions/lib/On_ca.a(coder_assumptions_hwimpl.o)
                              /home/fcuzzocrea/Documenti/Progetti/SADC2017/Assignment/On_ert_rtw/coderassumptions/lib/On_ca.a(On_ca.o) (caVerifyPortableWordSizes)
/home/fcuzzocrea/Documenti/Progetti/SADC2017/Assignment/On_ert_rtw/coderassumptions/lib/On_ca.a(coder_assumptions_flt.o)
                              /home/fcuzzocrea/Documenti/Progetti/SADC2017/Assignment/On_ert_rtw/coderassumptions/lib/On_ca.a(coder_assumptions_hwimpl.o) (denormalAsZero)
/home/fcuzzocrea/.matlab/SupportPackages/R2018B/3P.instrset/arduinoide.instrset/idepkgs/packages/arduino/hardware/sam/1.6.11/variants/arduino_due_x/libsam_sam3x8e_gcc_rel.a(pio.o)
                              wiring_digital.o (PIO_PullUp)
/home/fcuzzocrea/.matlab/SupportPackages/R2018B/3P.instrset/arduinoide.instrset/idepkgs/packages/arduino/hardware/sam/1.6.11/variants/arduino_due_x/libsam_sam3x8e_gcc_rel.a(pmc.o)
                              WInterrupts.o (pmc_enable_periph_clk)
/home/fcuzzocrea/.matlab/SupportPackages/R2018B/3P.instrset/arduinoide.instrset/idepkgs/packages/arduino/hardware/sam/1.6.11/variants/arduino_due_x/libsam_sam3x8e_gcc_rel.a(pwmc.o)
                              wiring_analog.o (PWMC_ConfigureChannel)
/home/fcuzzocrea/.matlab/SupportPackages/R2018B/3P.instrset/arduinoide.instrset/idepkgs/packages/arduino/hardware/sam/1.6.11/variants/arduino_due_x/libsam_sam3x8e_gcc_rel.a(tc.o)
                              wiring_analog.o (TC_Configure)
/home/fcuzzocrea/.matlab/SupportPackages/R2018B/3P.instrset/arduinoide.instrset/idepkgs/packages/arduino/hardware/sam/1.6.11/variants/arduino_due_x/libsam_sam3x8e_gcc_rel.a(timetick.o)
                              cortex_handlers.o (TimeTick_Increment)
/home/fcuzzocrea/.matlab/SupportPackages/R2018B/3P.instrset/arduinoide.instrset/idepkgs/packages/arduino/hardware/sam/1.6.11/variants/arduino_due_x/libsam_sam3x8e_gcc_rel.a(wdt.o)
                              watchdog.o (WDT_Enable)
/home/fcuzzocrea/.matlab/SupportPackages/R2018B/3P.instrset/arduinoide.instrset/idepkgs/packages/arduino/hardware/sam/1.6.11/variants/arduino_due_x/libsam_sam3x8e_gcc_rel.a(system_sam3xa.o)
                              variant.o (SystemInit)
/home/fcuzzocrea/.matlab/SupportPackages/R2018B/3P.instrset/arduinoide.instrset/idepkgs/packages/arduino/hardware/sam/1.6.11/variants/arduino_due_x/libsam_sam3x8e_gcc_rel.a(adc.o)
                              variant.o (adc_init)
/home/fcuzzocrea/.matlab/SupportPackages/R2018B/3P.instrset/arduinoide.instrset/idepkgs/packages/arduino/hardware/sam/1.6.11/variants/arduino_due_x/libsam_sam3x8e_gcc_rel.a(interrupt_sam_nvic.o)
                              USBCore.o (g_interrupt_enabled)
/home/fcuzzocrea/.matlab/SupportPackages/R2018B/3P.instrset/arduinoide.instrset/idepkgs/packages/arduino/hardware/sam/1.6.11/variants/arduino_due_x/libsam_sam3x8e_gcc_rel.a(uotghs_device.o)
                              USBCore.o (UDD_SetStack)
/home/fcuzzocrea/.matlab/SupportPackages/R2018B/3P.instrset/arduinoide.instrset/idepkgs/packages/arduino/hardware/sam/1.6.11/variants/arduino_due_x/libsam_sam3x8e_gcc_rel.a(dacc.o)
                              wiring_analog.o (dacc_reset)
/home/fcuzzocrea/.matlab/SupportPackages/R2018B/3P.instrset/arduinoide.instrset/idepkgs/packages/arduino/tools/arm-none-eabi-gcc/4.8.3-2014q1/bin/../lib/gcc/arm-none-eabi/4.8.3/../../../../arm-none-eabi/lib/armv7-m/libm.a(lib_a-s_cos.o)
                              ../On.o (cos)
/home/fcuzzocrea/.matlab/SupportPackages/R2018B/3P.instrset/arduinoide.instrset/idepkgs/packages/arduino/tools/arm-none-eabi-gcc/4.8.3-2014q1/bin/../lib/gcc/arm-none-eabi/4.8.3/../../../../arm-none-eabi/lib/armv7-m/libm.a(lib_a-s_floor.o)
                              ../On.o (floor)
/home/fcuzzocrea/.matlab/SupportPackages/R2018B/3P.instrset/arduinoide.instrset/idepkgs/packages/arduino/tools/arm-none-eabi-gcc/4.8.3-2014q1/bin/../lib/gcc/arm-none-eabi/4.8.3/../../../../arm-none-eabi/lib/armv7-m/libm.a(lib_a-s_fpclassify.o)
[...]
Memory Configuration

Name             Origin             Length             Attributes
rom              0x0000000000080000 0x0000000000080000 xr
sram0            0x0000000020000000 0x0000000000010000 xrw
sram1            0x0000000020080000 0x0000000000008000 xrw
ram              0x0000000020070000 0x0000000000018000 xrw
*default*        0x0000000000000000 0xffffffffffffffff

Linker script and memory map

LOAD /home/fcuzzocrea/.matlab/SupportPackages/R2018B/3P.instrset/arduinoide.instrset/idepkgs/packages/arduino/tools/arm-none-eabi-gcc/4.8.3-2014q1/bin/../lib/gcc/arm-none-eabi/4.8.3/armv7-m/crti.o
LOAD /home/fcuzzocrea/.matlab/SupportPackages/R2018B/3P.instrset/arduinoide.instrset/idepkgs/packages/arduino/tools/arm-none-eabi-gcc/4.8.3-2014q1/bin/../lib/gcc/arm-none-eabi/4.8.3/armv7-m/crtbegin.o
LOAD /home/fcuzzocrea/.matlab/SupportPackages/R2018B/3P.instrset/arduinoide.instrset/idepkgs/packages/arduino/tools/arm-none-eabi-gcc/4.8.3-2014q1/bin/../lib/gcc/arm-none-eabi/4.8.3/../../../../arm-none-eabi/lib/armv7-m/crt0.o
START GROUP
LOAD /home/fcuzzocrea/.matlab/SupportPackages/R2018B/3P.instrset/arduinoide.instrset/idepkgs/packages/arduino/hardware/sam/1.6.11/variants/arduino_due_x/libsam_sam3x8e_gcc_rel.a
LOAD xil_interface_lib.o
LOAD xil_data_stream.o
LOAD xil_services.o
LOAD xil_interface.o
LOAD xilcomms_rtiostream.o
LOAD xil_rtiostream.o
LOAD rtiostream_utils.o
LOAD coder_assumptions_app.o
LOAD coder_assumptions_data_stream.o
LOAD coder_assumptions_rtiostream.o
LOAD cortex_handlers.o
LOAD hooks.o
LOAD iar_calls_sam3.o
LOAD itoa.o
LOAD syscalls_sam3.o
LOAD WInterrupts.o
LOAD wiring.o
LOAD wiring_analog.o
LOAD wiring_digital.o
LOAD wiring_shift.o
LOAD abi.o
LOAD IPAddress.o
LOAD new.o
LOAD Print.o
LOAD Reset.o
LOAD RingBuffer.o
LOAD Stream.o
LOAD UARTClass.o
LOAD USARTClass.o
LOAD wiring_pulse.o
LOAD WMath.o
LOAD WString.o
LOAD watchdog.o
LOAD dtostrf.o
LOAD CDC.o
LOAD PluggableUSB.o
LOAD USBCore.o
LOAD variant.o
LOAD io_wrappers.o
LOAD MW_ArduinoHWInit.o
LOAD MW_arduino_digitalio.o
LOAD rtiostream_serial.o
LOAD pil_main_arduino.o
LOAD ../On.o
LOAD ../On_data.o
LOAD ../rtGetInf.o
LOAD ../rtGetNaN.o
LOAD ../rt_nonfinite.o
LOAD /home/fcuzzocrea/Documenti/Progetti/SADC2017/Assignment/On_ert_rtw/coderassumptions/lib/On_ca.a
END GROUP
LOAD /home/fcuzzocrea/.matlab/SupportPackages/R2018B/3P.instrset/arduinoide.instrset/idepkgs/packages/arduino/tools/arm-none-eabi-gcc/4.8.3-2014q1/bin/../lib/gcc/arm-none-eabi/4.8.3/../../../../arm-none-eabi/lib/armv7-m/libm.a
START GROUP
LOAD /home/fcuzzocrea/.matlab/SupportPackages/R2018B/3P.instrset/arduinoide.instrset/idepkgs/packages/arduino/tools/arm-none-eabi-gcc/4.8.3-2014q1/bin/../lib/gcc/arm-none-eabi/4.8.3/armv7-m/libgcc.a
LOAD /home/fcuzzocrea/.matlab/SupportPackages/R2018B/3P.instrset/arduinoide.instrset/idepkgs/packages/arduino/tools/arm-none-eabi-gcc/4.8.3-2014q1/bin/../lib/gcc/arm-none-eabi/4.8.3/../../../../arm-none-eabi/lib/armv7-m/libg.a
LOAD /home/fcuzzocrea/.matlab/SupportPackages/R2018B/3P.instrset/arduinoide.instrset/idepkgs/packages/arduino/tools/arm-none-eabi-gcc/4.8.3-2014q1/bin/../lib/gcc/arm-none-eabi/4.8.3/../../../../arm-none-eabi/lib/armv7-m/libc.a
END GROUP
LOAD /home/fcuzzocrea/.matlab/SupportPackages/R2018B/3P.instrset/arduinoide.instrset/idepkgs/packages/arduino/tools/arm-none-eabi-gcc/4.8.3-2014q1/bin/../lib/gcc/arm-none-eabi/4.8.3/armv7-m/crtend.o
LOAD /home/fcuzzocrea/.matlab/SupportPackages/R2018B/3P.instrset/arduinoide.instrset/idepkgs/packages/arduino/tools/arm-none-eabi-gcc/4.8.3-2014q1/bin/../lib/gcc/arm-none-eabi/4.8.3/armv7-m/crtn.o

.text           0x0000000000080000     0x8d2c
                0x0000000000080000                . = ALIGN (0x4)
                0x0000000000080000                _sfixed = .
 *(.vectors .vectors.*)
 .vectors       0x0000000000080000       0xf4 /home/fcuzzocrea/.matlab/SupportPackages/R2018B/3P.instrset/arduinoide.instrset/idepkgs/packages/arduino/hardware/sam/1.6.11/variants/arduino_due_x/libsam_sam3x8e_gcc_rel.a(startup_sam3xa.o)
                0x0000000000080000                exception_table
 *(.text .text.* .gnu.linkonce.t.*)
 .text          0x00000000000800f4       0x54 /home/fcuzzocrea/.matlab/SupportPackages/R2018B/3P.instrset/arduinoide.instrset/idepkgs/packages/arduino/tools/arm-none-eabi-gcc/4.8.3-2014q1/bin/../lib/gcc/arm-none-eabi/4.8.3/armv7-m/crtbegin.o
 .text.Reset_Handler
                0x0000000000080148       0x78 /home/fcuzzocrea/.matlab/SupportPackages/R2018B/3P.instrset/arduinoide.instrset/idepkgs/packages/arduino/hardware/sam/1.6.11/variants/arduino_due_x/libsam_sam3x8e_gcc_rel.a(startup_sam3xa.o)
                0x0000000000080148                Reset_Handler
 .text.UOTGHS_Handler
                0x00000000000801c0       0x10 /home/fcuzzocrea/.matlab/SupportPackages/R2018B/3P.instrset/arduinoide.instrset/idepkgs/packages/arduino/hardware/sam/1.6.11/variants/arduino_due_x/libsam_sam3x8e_gcc_rel.a(uotghs.o)
                0x00000000000801c0                UOTGHS_Handler
 .text.getNextXILIOData
                0x00000000000801d0       0x14 xil_interface_lib.o
 .text.computeNextState
                0x00000000000801e4       0x98 xil_interface_lib.o
 .text.processTargetToHostData
                0x000000000008027c       0x60 xil_interface_lib.o
 .text.finalizeCommandResponse
                0x00000000000802dc       0x3c xil_interface_lib.o
 .text.xilReadCommandCode
                0x0000000000080318       0x50 xil_interface_lib.o
 .text.xilProcessMsg
                0x0000000000080368      0x204 xil_interface_lib.o
                0x0000000000080368                xilProcessMsg
 .text.xilRun   0x000000000008056c       0x28 xil_interface_lib.o
                0x000000000008056c                xilRun
 .text.resetXILWriteBuffer
                0x0000000000080594       0x48 xil_data_stream.o
                0x0000000000080594                resetXILWriteBuffer
 .text.sendWriteBuffer
                0x00000000000805dc       0x30 xil_data_stream.o
 .text.silpilInit
                0x000000000008060c       0x16 xil_data_stream.o
                0x000000000008060c                silpilInit
 *fill*         0x0000000000080622        0x2 
 .text.xilWriteData
                0x0000000000080624       0x5c xil_data_stream.o
                0x0000000000080624                xilWriteData
 .text.xilReadData
                0x0000000000080680       0x64 xil_data_stream.o
                0x0000000000080680                xilReadData
 .text.xilDataFlush
                0x00000000000806e4       0x20 xil_data_stream.o
                0x00000000000806e4                xilDataFlush
 .text.xilInit  0x0000000000080704       0x22 xil_services.o
                0x0000000000080704                xilInit
 .text.xilProcessParams
                0x0000000000080726        0xa xil_interface.o
                0x0000000000080726                xilProcessParams
 .text.xilGetDataTypeInfo
                0x0000000000080730       0x38 xil_interface.o
                0x0000000000080730                xilGetDataTypeInfo
 .text.xilInitialize
                0x0000000000080768       0x12 xil_interface.o
                0x0000000000080768                xilInitialize
 .text.xilPause
                0x000000000008077a        0xa xil_interface.o
                0x000000000008077a                xilPause
 .text.xilSystemInitialize
                0x0000000000080784        0xa xil_interface.o
                0x0000000000080784                xilSystemInitialize
 .text.xilSystemReset
                0x000000000008078e        0xa xil_interface.o
                0x000000000008078e                xilSystemReset
 .text.xilGetHostToTargetData
                0x0000000000080798       0xa4 xil_interface.o
                0x0000000000080798                xilGetHostToTargetData
 .text.xilOutput
                0x000000000008083c       0x1a xil_interface.o
                0x000000000008083c                xilOutput
 .text.xilUpdate
                0x0000000000080856        0xa xil_interface.o
                0x0000000000080856                xilUpdate
 .text.xilGetTargetToHostData
                0x0000000000080860       0x70 xil_interface.o
                0x0000000000080860                xilGetTargetToHostData
 .text.xilTerminate
                0x00000000000808d0       0x12 xil_interface.o
                0x00000000000808d0                xilTerminate
 .text.xilEnable
                0x00000000000808e2        0xa xil_interface.o
                0x00000000000808e2                xilEnable
 .text.xilDisable
                0x00000000000808ec        0xa xil_interface.o
                0x00000000000808ec                xilDisable
 *fill*         0x00000000000808f6        0x2 
 .text.commsInit
                0x00000000000808f8       0x18 xilcomms_rtiostream.o
                0x00000000000808f8                commsInit
 .text.commsEnqueueBuffer
                0x0000000000080910       0x30 xilcomms_rtiostream.o
                0x0000000000080910                commsEnqueueBuffer
 .text.rtiostreamReadMessage
                0x0000000000080940       0x50 xilcomms_rtiostream.o
                0x0000000000080940                rtiostreamReadMessage
 .text.xilTgtAppSvcCreate
                0x0000000000080990        0x4 xil_rtiostream.o
                0x0000000000080990                xilTgtAppSvcCreate
 .text.xilTgtAppSvcAllocBuffer
                0x0000000000080994        0xc xil_rtiostream.o
                0x0000000000080994                xilTgtAppSvcAllocBuffer
 .text.xilTgtAppSvcGetBufferDataPtr
                0x00000000000809a0        0x8 xil_rtiostream.o
                0x00000000000809a0                xilTgtAppSvcGetBufferDataPtr
 .text.xilTgtAppSvcSend
                0x00000000000809a8        0xe xil_rtiostream.o
                0x00000000000809a8                xilTgtAppSvcSend
 .text.rtIOStreamBlockingSend
                0x00000000000809b6       0x32 rtiostream_utils.o
                0x00000000000809b6                rtIOStreamBlockingSend
 .text.rtIOStreamBlockingRecv
                0x00000000000809e8       0x32 rtiostream_utils.o
                0x00000000000809e8                rtIOStreamBlockingRecv
 .text.sendResult
                0x0000000000080a1a       0x5e coder_assumptions_app.o
 .text.coderAssumptionsRun
                0x0000000000080a78      0x36c coder_assumptions_app.o
                0x0000000000080a78                coderAssumptionsRun
 .text.coderAssumptionsWriteData
                0x0000000000080de4       0x34 coder_assumptions_data_stream.o
                0x0000000000080de4                coderAssumptionsWriteData
 .text.resetCoderAssumptionsWriteBuffer
                0x0000000000080e18       0x30 coder_assumptions_data_stream.o
                0x0000000000080e18                resetCoderAssumptionsWriteBuffer
 .text.coderAssumptionsSendWriteBuffer
                0x0000000000080e48       0x28 coder_assumptions_data_stream.o
                0x0000000000080e48                coderAssumptionsSendWriteBuffer
 .text.coderAssumptionsInit
                0x0000000000080e70       0x16 coder_assumptions_data_stream.o
                0x0000000000080e70                coderAssumptionsInit
 .text.coderAssumpTgtAppSvcCreate
                0x0000000000080e86        0x4 coder_assumptions_rtiostream.o
                0x0000000000080e86                coderAssumpTgtAppSvcCreate
 *fill*         0x0000000000080e8a        0x2 
 .text.coderAssumpTgtAppSvcAllocBuffer
                0x0000000000080e8c        0xc coder_assumptions_rtiostream.o
                0x0000000000080e8c                coderAssumpTgtAppSvcAllocBuffer
 .text.coderAssumpTgtAppSvcGetBufferDataPtr
                0x0000000000080e98        0x8 coder_assumptions_rtiostream.o
                0x0000000000080e98                coderAssumpTgtAppSvcGetBufferDataPtr
 .text.coderAssumpTgtAppSvcSend
                0x0000000000080ea0        0xe coder_assumptions_rtiostream.o
                0x0000000000080ea0                coderAssumpTgtAppSvcSend
 .text.__halt   0x0000000000080eae        0x2 cortex_handlers.o
                0x0000000000080eae                DACC_Handler
                0x0000000000080eae                DebugMon_Handler
                0x0000000000080eae                DMAC_Handler
                0x0000000000080eae                TRNG_Handler
                0x0000000000080eae                HardFault_Handler
                0x0000000000080eae                TC2_Handler
                0x0000000000080eae                TWI1_Handler
                0x0000000000080eae                NMI_Handler
                0x0000000000080eae                TC7_Handler
                0x0000000000080eae                ADC_Handler
                0x0000000000080eae                SMC_Handler
                0x0000000000080eae                RTT_Handler
                0x0000000000080eae                EFC1_Handler
                0x0000000000080eae                RTC_Handler
                0x0000000000080eae                UsageFault_Handler
                0x0000000000080eae                TC6_Handler
                0x0000000000080eae                WDT_Handler
                0x0000000000080eae                CAN0_Handler
                0x0000000000080eae                TC4_Handler
                0x0000000000080eae                TC1_Handler
                0x0000000000080eae                HSMCI_Handler
                0x0000000000080eae                TC3_Handler
                0x0000000000080eae                TWI0_Handler
                0x0000000000080eae                SSC_Handler
                0x0000000000080eae                EFC0_Handler
                0x0000000000080eae                PMC_Handler
                0x0000000000080eae                PWM_Handler
                0x0000000000080eae                CAN1_Handler
                0x0000000000080eae                MemManage_Handler
                0x0000000000080eae                SUPC_Handler
                0x0000000000080eae                TC8_Handler
                0x0000000000080eae                USART2_Handler
                0x0000000000080eae                EMAC_Handler
                0x0000000000080eae                BusFault_Handler
                0x0000000000080eae                RSTC_Handler
                0x0000000000080eae                TC0_Handler
                0x0000000000080eae                TC5_Handler
                0x0000000000080eae                SPI0_Handler
 .text.SVC_Handler
                0x0000000000080eb0        0x4 cortex_handlers.o
                0x0000000000080eb0                SVC_Handler
 .text.PendSV_Handler
                0x0000000000080eb4        0x4 cortex_handlers.o
                0x0000000000080eb4                PendSV_Handler
 .text.SysTick_Handler
                0x0000000000080eb8       0x16 cortex_handlers.o
                0x0000000000080eb8                SysTick_Handler
 .text.__empty  0x0000000000080ece        0x2 hooks.o
                0x0000000000080ece                yield
 .text.__false  0x0000000000080ed0        0x4 hooks.o
                0x0000000000080ed0                sysTickHook
 .text.__halt   0x0000000000080ed4        0x2 hooks.o
                0x0000000000080ed4                pendSVHook
                0x0000000000080ed4                svcHook
 *fill*         0x0000000000080ed6        0x2 
 .text._sbrk    0x0000000000080ed8       0x1c syscalls_sam3.o
                0x0000000000080ed8                _sbrk
 .text.PIOA_Handler
                0x0000000000080ef4       0x38 WInterrupts.o
                0x0000000000080ef4                PIOA_Handler
 .text.PIOB_Handler
                0x0000000000080f2c       0x38 WInterrupts.o
                0x0000000000080f2c                PIOB_Handler
 .text.PIOC_Handler
                0x0000000000080f64       0x38 WInterrupts.o
                0x0000000000080f64                PIOC_Handler
 .text.PIOD_Handler
                0x0000000000080f9c       0x38 WInterrupts.o
                0x0000000000080f9c                PIOD_Handler
 .text.delay    0x0000000000080fd4       0x1c wiring.o
                0x0000000000080fd4                delay
 .text.analogOutputInit
                0x0000000000080ff0        0x2 wiring_analog.o
                0x0000000000080ff0                analogOutputInit
 *fill*         0x0000000000080ff2        0x2 
 .text.pinMode  0x0000000000080ff4      0x108 wiring_digital.o
                0x0000000000080ff4                pinMode
 .text.digitalWrite
                0x00000000000810fc       0x70 wiring_digital.o
                0x00000000000810fc                digitalWrite
 .text._ZNK9IPAddress7printToER5Print
                0x000000000008116c       0x3c IPAddress.o
                0x000000000008116c                IPAddress::printTo(Print&) const
 .text.startup._GLOBAL__sub_I__ZN9IPAddressC2Ev
                0x00000000000811a8       0x1c IPAddress.o
 .text._ZN5Print5writeEPKhj
                0x00000000000811c4       0x22 Print.o
                0x00000000000811c4                Print::write(unsigned char const*, unsigned int)
 .text._ZN5Print5printEmi.part.3
                0x00000000000811e6        0xc Print.o
 .text._ZN5Print5writeEPKc
                0x00000000000811f2       0x1e Print.o
                0x00000000000811f2                Print::write(char const*)
 .text._ZN5Print5printEc
                0x0000000000081210        0xa Print.o
                0x0000000000081210                Print::print(char)
 .text._ZN5Print11printNumberEmh
                0x000000000008121a       0x3e Print.o
                0x000000000008121a                Print::printNumber(unsigned long, unsigned char)
 .text._ZN5Print5printEmi
                0x0000000000081258        0xc Print.o
                0x0000000000081258                Print::print(unsigned long, int)
 .text._ZN5Print5printEhi
                0x0000000000081264        0x4 Print.o
                0x0000000000081264                Print::print(unsigned char, int)
 .text.initiateReset
                0x0000000000081268        0xc Reset.o
                0x0000000000081268                initiateReset
 .text.cancelReset
                0x0000000000081274       0x10 Reset.o
                0x0000000000081274                cancelReset
 .text.tickReset
                0x0000000000081284       0x20 Reset.o
                0x0000000000081284                tickReset
 .text._ZN10RingBufferC2Ev
                0x00000000000812a4       0x1a RingBuffer.o
                0x00000000000812a4                RingBuffer::RingBuffer()
                0x00000000000812a4                RingBuffer::RingBuffer()
 .text._ZN10RingBuffer10store_charEh
                0x00000000000812be       0x1e RingBuffer.o
                0x00000000000812be                RingBuffer::store_char(unsigned char)
 .text._ZN9UARTClasscvbEv
                0x00000000000812dc        0x4 UARTClass.o
                0x00000000000812dc                UARTClass::operator bool()
 .text._ZN9UARTClass9availableEv
                0x00000000000812e0       0x12 UARTClass.o
                0x00000000000812e0                UARTClass::available()
 .text._ZN9UARTClass4peekEv
                0x00000000000812f2       0x1c UARTClass.o
                0x00000000000812f2                UARTClass::peek()
 .text._ZN9UARTClass4readEv
                0x000000000008130e       0x2a UARTClass.o
                0x000000000008130e                UARTClass::read()
 .text._ZN9UARTClass5flushEv
                0x0000000000081338       0x18 UARTClass.o
                0x0000000000081338                UARTClass::flush()
 .text._ZN9UARTClass5writeEh
                0x0000000000081350       0x54 UARTClass.o
                0x0000000000081350                UARTClass::write(unsigned char)
 .text._ZN9UARTClass3endEv
                0x00000000000813a4       0x3c UARTClass.o
                0x00000000000813a4                UARTClass::end()
 .text._ZN9UARTClassC2EP4Uart4IRQnmP10RingBufferS4_
                0x00000000000813e0       0x24 UARTClass.o
                0x00000000000813e0                UARTClass::UARTClass(Uart*, IRQn, unsigned long, RingBuffer*, RingBuffer*)
                0x00000000000813e0                UARTClass::UARTClass(Uart*, IRQn, unsigned long, RingBuffer*, RingBuffer*)
 .text._ZN9UARTClass4initEmm
                0x0000000000081404       0x70 UARTClass.o
                0x0000000000081404                UARTClass::init(unsigned long, unsigned long)
 .text._ZN9UARTClass5beginEm
                0x0000000000081474        0x8 UARTClass.o
                0x0000000000081474                UARTClass::begin(unsigned long)
 .text._ZN9UARTClass10IrqHandlerEv
                0x000000000008147c       0x5a UARTClass.o
                0x000000000008147c                UARTClass::IrqHandler()
 .text._ZN10USARTClass5beginEm
                0x00000000000814d6        0x8 USARTClass.o
                0x00000000000814d6                USARTClass::begin(unsigned long)
 *fill*         0x00000000000814de        0x2 
 .text._ZN10USARTClassC2EP5Usart4IRQnmP10RingBufferS4_
                0x00000000000814e0       0x24 USARTClass.o
                0x00000000000814e0                USARTClass::USARTClass(Usart*, IRQn, unsigned long, RingBuffer*, RingBuffer*)
                0x00000000000814e0                USARTClass::USARTClass(Usart*, IRQn, unsigned long, RingBuffer*, RingBuffer*)
 .text._Z15watchdogDisablev
                0x0000000000081504        0xc watchdog.o
                0x0000000000081504                watchdogDisable()
 .text._ZN7Serial_9availableEv
                0x0000000000081510       0x18 CDC.o
                0x0000000000081510                Serial_::available()
 .text._ZN7Serial_17availableForWriteEv
                0x0000000000081528        0x6 CDC.o
                0x0000000000081528                Serial_::availableForWrite()
 *fill*         0x000000000008152e        0x2 
 .text._ZN7Serial_4peekEv
                0x0000000000081530       0x20 CDC.o
                0x0000000000081530                Serial_::peek()
 .text._ZN7Serial_5writeEh
                0x0000000000081550       0x16 CDC.o
                0x0000000000081550                Serial_::write(unsigned char)
 *fill*         0x0000000000081566        0x2 
 .text._ZN7Serial_4readEv
                0x0000000000081568       0x44 CDC.o
                0x0000000000081568                Serial_::read()
 .text._ZN7Serial_5flushEv
                0x00000000000815ac        0x6 CDC.o
                0x00000000000815ac                Serial_::flush()
 *fill*         0x00000000000815b2        0x2 
 .text._ZN7Serial_6acceptEv
                0x00000000000815b4       0x70 CDC.o
                0x00000000000815b4                Serial_::accept()
 .text._ZN7Serial_5writeEPKhj
                0x0000000000081624       0x2c CDC.o
                0x0000000000081624                Serial_::write(unsigned char const*, unsigned int)
 .text._Z16CDC_GetInterfacePh
                0x0000000000081650       0x14 CDC.o
                0x0000000000081650                CDC_GetInterface(unsigned char*)
 .text._Z21CDC_GetOtherInterfacePh
                0x0000000000081664       0x14 CDC.o
                0x0000000000081664                CDC_GetOtherInterface(unsigned char*)
 .text._Z9CDC_SetupR8USBSetup
                0x0000000000081678       0x78 CDC.o
                0x0000000000081678                CDC_Setup(USBSetup&)
 .text.startup._GLOBAL__sub_I_cdc_rx_buffer
                0x00000000000816f0       0x1c CDC.o
 .text._ZN13PluggableUSB_12getInterfaceEPh
                0x000000000008170c       0x28 PluggableUSB.o
                0x000000000008170c                PluggableUSB_::getInterface(unsigned char*)
 .text._ZN13PluggableUSB_13getDescriptorER8USBSetup
                0x0000000000081734       0x1c PluggableUSB.o
                0x0000000000081734                PluggableUSB_::getDescriptor(USBSetup&)
 .text._ZN13PluggableUSB_12getShortNameEPc
                0x0000000000081750       0x1c PluggableUSB.o
                0x0000000000081750                PluggableUSB_::getShortName(char*)
 .text._ZN13PluggableUSB_5setupER8USBSetup
                0x000000000008176c       0x20 PluggableUSB.o
                0x000000000008176c                PluggableUSB_::setup(USBSetup&)
 .text._Z12PluggableUSBv
                0x000000000008178c       0x28 PluggableUSB.o
                0x000000000008178c                PluggableUSB()
 .text.unlikely._ZL11USB_SendZlpv
                0x00000000000817b4       0x20 USBCore.o
 .text._Z14USBD_Availablem
                0x00000000000817d4       0x2c USBCore.o
                0x00000000000817d4                USBD_Available(unsigned long)
 .text._Z9USBD_RecvmPvm
                0x0000000000081800       0x7c USBCore.o
                0x0000000000081800                USBD_Recv(unsigned long, void*, unsigned long)
 .text._Z9USBD_Recvm
                0x000000000008187c       0x22 USBCore.o
                0x000000000008187c                USBD_Recv(unsigned long)
 *fill*         0x000000000008189e        0x2 
 .text._Z9USBD_SendmPKvm
                0x00000000000818a0       0x4c USBCore.o
                0x00000000000818a0                USBD_Send(unsigned long, void const*, unsigned long)
 .text._Z16USBD_SendControlhPKvm
                0x00000000000818ec       0x40 USBCore.o
                0x00000000000818ec                USBD_SendControl(unsigned char, void const*, unsigned long)
 .text.unlikely._ZL24USB_SendStringDescriptorPKhi
                0x000000000008192c       0x64 USBCore.o
 .text._Z16USBD_RecvControlPvm
                0x0000000000081990       0x1c USBCore.o
                0x0000000000081990                USBD_RecvControl(void*, unsigned long)
 .text._Z26USBD_ClassInterfaceRequestR8USBSetup
                0x00000000000819ac       0x1e USBCore.o
                0x00000000000819ac                USBD_ClassInterfaceRequest(USBSetup&)
 .text._Z19USBD_SendInterfacesv
                0x00000000000819ca       0x22 USBCore.o
                0x00000000000819ca                USBD_SendInterfaces()
 .text._Z24USBD_SendOtherInterfacesv
                0x00000000000819ec       0x22 USBCore.o
                0x00000000000819ec                USBD_SendOtherInterfaces()
 .text._Z10USBD_Flushm
                0x0000000000081a0e       0x16 USBCore.o
                0x0000000000081a0e                USBD_Flush(unsigned long)
 .text._ZN10USBDevice_C2Ev
                0x0000000000081a24       0x24 USBCore.o
                0x0000000000081a24                USBDevice_::USBDevice_()
                0x0000000000081a24                USBDevice_::USBDevice_()
 .text.startup._GLOBAL__sub_I_EndPoints
                0x0000000000081a48        0xc USBCore.o
 .text._ZL7USB_ISRv
                0x0000000000081a54      0x454 USBCore.o
 .text.UART_Handler
                0x0000000000081ea8        0xc variant.o
                0x0000000000081ea8                UART_Handler
 .text.USART0_Handler
                0x0000000000081eb4        0xc variant.o
                0x0000000000081eb4                USART0_Handler
 .text.USART1_Handler
                0x0000000000081ec0        0xc variant.o
                0x0000000000081ec0                USART1_Handler
 .text.USART3_Handler
                0x0000000000081ecc        0xc variant.o
                0x0000000000081ecc                USART3_Handler
 .text.init     0x0000000000081ed8      0x128 variant.o
                0x0000000000081ed8                init
 .text.startup._GLOBAL__sub_I_g_APinDescription
                0x0000000000082000       0xd4 variant.o
 .text.Serial_begin
                0x00000000000820d4       0x34 io_wrappers.o
                0x00000000000820d4                Serial_begin
 .text.MW_Arduino_Init
                0x0000000000082108       0x14 MW_ArduinoHWInit.o
                0x0000000000082108                MW_Arduino_Init
 .text.rtIOStreamSend
                0x000000000008211c       0x1c rtiostream_serial.o
                0x000000000008211c                rtIOStreamSend
 .text.rtIOStreamOpen
                0x0000000000082138       0x2c rtiostream_serial.o
                0x0000000000082138                rtIOStreamOpen
 .text.rtIOStreamRecv
                0x0000000000082164       0x38 rtiostream_serial.o
                0x0000000000082164                rtIOStreamRecv
 .text.startup.main
                0x000000000008219c       0x40 pil_main_arduino.o
                0x000000000008219c                main
 .text.On_norm  0x00000000000821dc      0x144 ../On.o
 .text.On_MATLABFunction1
                0x0000000000082320      0x184 ../On.o
                0x0000000000082320                On_MATLABFunction1
 .text.rt_powd_snf
                0x00000000000824a4      0x15c ../On.o
                0x00000000000824a4                rt_powd_snf
 .text.On_step  0x0000000000082600     0x14c8 ../On.o
                0x0000000000082600                On_step
 .text.On_initialize
                0x0000000000083ac8       0xbc ../On.o
                0x0000000000083ac8                On_initialize
 .text.On_terminate
                0x0000000000083b84        0x2 ../On.o
                0x0000000000083b84                On_terminate
 *fill*         0x0000000000083b86        0x2 
 .text.rtGetInf
                0x0000000000083b88        0xc ../rtGetInf.o
                0x0000000000083b88                rtGetInf
 .text.rtGetInfF
                0x0000000000083b94        0x6 ../rtGetInf.o
                0x0000000000083b94                rtGetInfF
 *fill*         0x0000000000083b9a        0x2 
 .text.rtGetMinusInf
                0x0000000000083b9c        0xc ../rtGetInf.o
                0x0000000000083b9c                rtGetMinusInf
 .text.rtGetMinusInfF
                0x0000000000083ba8        0x8 ../rtGetInf.o
                0x0000000000083ba8                rtGetMinusInfF
 .text.rtGetNaN
                0x0000000000083bb0        0xc ../rtGetNaN.o
                0x0000000000083bb0                rtGetNaN
 .text.rtGetNaNF
                0x0000000000083bbc        0x8 ../rtGetNaN.o
                0x0000000000083bbc                rtGetNaNF
 .text.rt_InitInfAndNaN
                0x0000000000083bc4       0x54 ../rt_nonfinite.o
                0x0000000000083bc4                rt_InitInfAndNaN
 .text.rtIsInf  0x0000000000083c18       0x38 ../rt_nonfinite.o
                0x0000000000083c18                rtIsInf
 .text.rtIsNaN  0x0000000000083c50       0x28 ../rt_nonfinite.o
                0x0000000000083c50                rtIsNaN
 .text.On_caRunTests
                0x0000000000083c78       0x30 /home/fcuzzocrea/Documenti/Progetti/SADC2017/Assignment/On_ert_rtw/coderassumptions/lib/On_ca.a(On_ca.o)
                0x0000000000083c78                On_caRunTests
 .text.caVerifyPortableWordSizes
                0x0000000000083ca8        0x6 /home/fcuzzocrea/Documenti/Progetti/SADC2017/Assignment/On_ert_rtw/coderassumptions/lib/On_ca.a(coder_assumptions_hwimpl.o)
                0x0000000000083ca8                caVerifyPortableWordSizes
 *fill*         0x0000000000083cae        0x2 
 .text.caVerifyHWImpl
                0x0000000000083cb0      0x2cc /home/fcuzzocrea/Documenti/Progetti/SADC2017/Assignment/On_ert_rtw/coderassumptions/lib/On_ca.a(coder_assumptions_hwimpl.o)
                0x0000000000083cb0                caVerifyHWImpl
 .text.PIO_PullUp
                0x0000000000083f7c        0xa /home/fcuzzocrea/.matlab/SupportPackages/R2018B/3P.instrset/arduinoide.instrset/idepkgs/packages/arduino/hardware/sam/1.6.11/variants/arduino_due_x/libsam_sam3x8e_gcc_rel.a(pio.o)
                0x0000000000083f7c                PIO_PullUp
 .text.PIO_SetPeripheral
                0x0000000000083f86       0x26 /home/fcuzzocrea/.matlab/SupportPackages/R2018B/3P.instrset/arduinoide.instrset/idepkgs/packages/arduino/hardware/sam/1.6.11/variants/arduino_due_x/libsam_sam3x8e_gcc_rel.a(pio.o)
                0x0000000000083f86                PIO_SetPeripheral
 .text.PIO_SetInput
                0x0000000000083fac       0x26 /home/fcuzzocrea/.matlab/SupportPackages/R2018B/3P.instrset/arduinoide.instrset/idepkgs/packages/arduino/hardware/sam/1.6.11/variants/arduino_due_x/libsam_sam3x8e_gcc_rel.a(pio.o)
                0x0000000000083fac                PIO_SetInput
 .text.PIO_SetOutput
                0x0000000000083fd2       0x24 /home/fcuzzocrea/.matlab/SupportPackages/R2018B/3P.instrset/arduinoide.instrset/idepkgs/packages/arduino/hardware/sam/1.6.11/variants/arduino_due_x/libsam_sam3x8e_gcc_rel.a(pio.o)
                0x0000000000083fd2                PIO_SetOutput
 *fill*         0x0000000000083ff6        0x2 
 .text.PIO_Configure
                0x0000000000083ff8       0x64 /home/fcuzzocrea/.matlab/SupportPackages/R2018B/3P.instrset/arduinoide.instrset/idepkgs/packages/arduino/hardware/sam/1.6.11/variants/arduino_due_x/libsam_sam3x8e_gcc_rel.a(pio.o)
                0x0000000000083ff8                PIO_Configure
 .text.PIO_GetOutputDataStatus
                0x000000000008405c       0x14 /home/fcuzzocrea/.matlab/SupportPackages/R2018B/3P.instrset/arduinoide.instrset/idepkgs/packages/arduino/hardware/sam/1.6.11/variants/arduino_due_x/libsam_sam3x8e_gcc_rel.a(pio.o)
                0x000000000008405c                PIO_GetOutputDataStatus
 .text.pmc_enable_upll_clock
                0x0000000000084070       0x14 /home/fcuzzocrea/.matlab/SupportPackages/R2018B/3P.instrset/arduinoide.instrset/idepkgs/packages/arduino/hardware/sam/1.6.11/variants/arduino_due_x/libsam_sam3x8e_gcc_rel.a(pmc.o)
                0x0000000000084070                pmc_enable_upll_clock
 .text.pmc_enable_periph_clk
                0x0000000000084084       0x44 /home/fcuzzocrea/.matlab/SupportPackages/R2018B/3P.instrset/arduinoide.instrset/idepkgs/packages/arduino/hardware/sam/1.6.11/variants/arduino_due_x/libsam_sam3x8e_gcc_rel.a(pmc.o)
                0x0000000000084084                pmc_enable_periph_clk
 .text.pmc_disable_periph_clk
                0x00000000000840c8       0x40 /home/fcuzzocrea/.matlab/SupportPackages/R2018B/3P.instrset/arduinoide.instrset/idepkgs/packages/arduino/hardware/sam/1.6.11/variants/arduino_due_x/libsam_sam3x8e_gcc_rel.a(pmc.o)
                0x00000000000840c8                pmc_disable_periph_clk
 .text.pmc_switch_udpck_to_upllck
                0x0000000000084108       0x14 /home/fcuzzocrea/.matlab/SupportPackages/R2018B/3P.instrset/arduinoide.instrset/idepkgs/packages/arduino/hardware/sam/1.6.11/variants/arduino_due_x/libsam_sam3x8e_gcc_rel.a(pmc.o)
                0x0000000000084108                pmc_switch_udpck_to_upllck
 .text.pmc_enable_udpck
                0x000000000008411c        0xc /home/fcuzzocrea/.matlab/SupportPackages/R2018B/3P.instrset/arduinoide.instrset/idepkgs/packages/arduino/hardware/sam/1.6.11/variants/arduino_due_x/libsam_sam3x8e_gcc_rel.a(pmc.o)
                0x000000000008411c                pmc_enable_udpck
 .text.TimeTick_Increment
                0x0000000000084128       0x10 /home/fcuzzocrea/.matlab/SupportPackages/R2018B/3P.instrset/arduinoide.instrset/idepkgs/packages/arduino/hardware/sam/1.6.11/variants/arduino_due_x/libsam_sam3x8e_gcc_rel.a(timetick.o)
                0x0000000000084128                TimeTick_Increment
 .text.GetTickCount
                0x0000000000084138        0xc /home/fcuzzocrea/.matlab/SupportPackages/R2018B/3P.instrset/arduinoide.instrset/idepkgs/packages/arduino/hardware/sam/1.6.11/variants/arduino_due_x/libsam_sam3x8e_gcc_rel.a(timetick.o)
                0x0000000000084138                GetTickCount
 .text.WDT_Disable
                0x0000000000084144        0x8 /home/fcuzzocrea/.matlab/SupportPackages/R2018B/3P.instrset/arduinoide.instrset/idepkgs/packages/arduino/hardware/sam/1.6.11/variants/arduino_due_x/libsam_sam3x8e_gcc_rel.a(wdt.o)
                0x0000000000084144                WDT_Disable
 .text.SystemInit
                0x000000000008414c       0x88 /home/fcuzzocrea/.matlab/SupportPackages/R2018B/3P.instrset/arduinoide.instrset/idepkgs/packages/arduino/hardware/sam/1.6.11/variants/arduino_due_x/libsam_sam3x8e_gcc_rel.a(system_sam3xa.o)
                0x000000000008414c                SystemInit
 .text.adc_init
                0x00000000000841d4       0x98 /home/fcuzzocrea/.matlab/SupportPackages/R2018B/3P.instrset/arduinoide.instrset/idepkgs/packages/arduino/hardware/sam/1.6.11/variants/arduino_due_x/libsam_sam3x8e_gcc_rel.a(adc.o)
                0x00000000000841d4                adc_init
 .text.adc_configure_trigger
                0x000000000008426c        0xe /home/fcuzzocrea/.matlab/SupportPackages/R2018B/3P.instrset/arduinoide.instrset/idepkgs/packages/arduino/hardware/sam/1.6.11/variants/arduino_due_x/libsam_sam3x8e_gcc_rel.a(adc.o)
                0x000000000008426c                adc_configure_trigger
 .text.adc_configure_timing
                0x000000000008427a       0x1a /home/fcuzzocrea/.matlab/SupportPackages/R2018B/3P.instrset/arduinoide.instrset/idepkgs/packages/arduino/hardware/sam/1.6.11/variants/arduino_due_x/libsam_sam3x8e_gcc_rel.a(adc.o)
                0x000000000008427a                adc_configure_timing
 .text.adc_disable_channel
                0x0000000000084294        0xa /home/fcuzzocrea/.matlab/SupportPackages/R2018B/3P.instrset/arduinoide.instrset/idepkgs/packages/arduino/hardware/sam/1.6.11/variants/arduino_due_x/libsam_sam3x8e_gcc_rel.a(adc.o)
                0x0000000000084294                adc_disable_channel
 .text.adc_disable_all_channel
                0x000000000008429e        0x8 /home/fcuzzocrea/.matlab/SupportPackages/R2018B/3P.instrset/arduinoide.instrset/idepkgs/packages/arduino/hardware/sam/1.6.11/variants/arduino_due_x/libsam_sam3x8e_gcc_rel.a(adc.o)
                0x000000000008429e                adc_disable_all_channel
 .text.adc_disable_interrupt
                0x00000000000842a6        0x4 /home/fcuzzocrea/.matlab/SupportPackages/R2018B/3P.instrset/arduinoide.instrset/idepkgs/packages/arduino/hardware/sam/1.6.11/variants/arduino_due_x/libsam_sam3x8e_gcc_rel.a(adc.o)
                0x00000000000842a6                adc_disable_interrupt
 *fill*         0x00000000000842aa        0x2 
 .text.UDD_SetStack
                0x00000000000842ac        0xc /home/fcuzzocrea/.matlab/SupportPackages/R2018B/3P.instrset/arduinoide.instrset/idepkgs/packages/arduino/hardware/sam/1.6.11/variants/arduino_due_x/libsam_sam3x8e_gcc_rel.a(uotghs_device.o)
                0x00000000000842ac                UDD_SetStack
 .text.UDD_Init
                0x00000000000842b8       0xd0 /home/fcuzzocrea/.matlab/SupportPackages/R2018B/3P.instrset/arduinoide.instrset/idepkgs/packages/arduino/hardware/sam/1.6.11/variants/arduino_due_x/libsam_sam3x8e_gcc_rel.a(uotghs_device.o)
                0x00000000000842b8                UDD_Init
 .text.UDD_InitEP
                0x0000000000084388       0x2c /home/fcuzzocrea/.matlab/SupportPackages/R2018B/3P.instrset/arduinoide.instrset/idepkgs/packages/arduino/hardware/sam/1.6.11/variants/arduino_due_x/libsam_sam3x8e_gcc_rel.a(uotghs_device.o)
                0x0000000000084388                UDD_InitEP
 .text.UDD_InitEndpoints
                0x00000000000843b4       0x3c /home/fcuzzocrea/.matlab/SupportPackages/R2018B/3P.instrset/arduinoide.instrset/idepkgs/packages/arduino/hardware/sam/1.6.11/variants/arduino_due_x/libsam_sam3x8e_gcc_rel.a(uotghs_device.o)
                0x00000000000843b4                UDD_InitEndpoints
 .text.UDD_WaitIN
                0x00000000000843f0       0x10 /home/fcuzzocrea/.matlab/SupportPackages/R2018B/3P.instrset/arduinoide.instrset/idepkgs/packages/arduino/hardware/sam/1.6.11/variants/arduino_due_x/libsam_sam3x8e_gcc_rel.a(uotghs_device.o)
                0x00000000000843f0                UDD_WaitIN
 .text.UDD_WaitOUT
                0x0000000000084400       0x10 /home/fcuzzocrea/.matlab/SupportPackages/R2018B/3P.instrset/arduinoide.instrset/idepkgs/packages/arduino/hardware/sam/1.6.11/variants/arduino_due_x/libsam_sam3x8e_gcc_rel.a(uotghs_device.o)
                0x0000000000084400                UDD_WaitOUT
 .text.UDD_ClearIN
                0x0000000000084410       0x18 /home/fcuzzocrea/.matlab/SupportPackages/R2018B/3P.instrset/arduinoide.instrset/idepkgs/packages/arduino/hardware/sam/1.6.11/variants/arduino_due_x/libsam_sam3x8e_gcc_rel.a(uotghs_device.o)
                0x0000000000084410                UDD_ClearIN
 .text.UDD_ClearOUT
                0x0000000000084428       0x18 /home/fcuzzocrea/.matlab/SupportPackages/R2018B/3P.instrset/arduinoide.instrset/idepkgs/packages/arduino/hardware/sam/1.6.11/variants/arduino_due_x/libsam_sam3x8e_gcc_rel.a(uotghs_device.o)
                0x0000000000084428                UDD_ClearOUT
 .text.UDD_ReceivedSetupInt
                0x0000000000084440       0x10 /home/fcuzzocrea/.matlab/SupportPackages/R2018B/3P.instrset/arduinoide.instrset/idepkgs/packages/arduino/hardware/sam/1.6.11/variants/arduino_due_x/libsam_sam3x8e_gcc_rel.a(uotghs_device.o)
                0x0000000000084440                UDD_ReceivedSetupInt
 .text.UDD_ClearSetupInt
                0x0000000000084450       0x10 /home/fcuzzocrea/.matlab/SupportPackages/R2018B/3P.instrset/arduinoide.instrset/idepkgs/packages/arduino/hardware/sam/1.6.11/variants/arduino_due_x/libsam_sam3x8e_gcc_rel.a(uotghs_device.o)
                0x0000000000084450                UDD_ClearSetupInt
 .text.UDD_Send
                0x0000000000084460       0x88 /home/fcuzzocrea/.matlab/SupportPackages/R2018B/3P.instrset/arduinoide.instrset/idepkgs/packages/arduino/hardware/sam/1.6.11/variants/arduino_due_x/libsam_sam3x8e_gcc_rel.a(uotghs_device.o)
                0x0000000000084460                UDD_Send
 .text.UDD_Send8
                0x00000000000844e8       0x24 /home/fcuzzocrea/.matlab/SupportPackages/R2018B/3P.instrset/arduinoide.instrset/idepkgs/packages/arduino/hardware/sam/1.6.11/variants/arduino_due_x/libsam_sam3x8e_gcc_rel.a(uotghs_device.o)
                0x00000000000844e8                UDD_Send8
 .text.UDD_Recv8
                0x000000000008450c       0x28 /home/fcuzzocrea/.matlab/SupportPackages/R2018B/3P.instrset/arduinoide.instrset/idepkgs/packages/arduino/hardware/sam/1.6.11/variants/arduino_due_x/libsam_sam3x8e_gcc_rel.a(uotghs_device.o)
                0x000000000008450c                UDD_Recv8
 .text.UDD_Recv
                0x0000000000084534       0x34 /home/fcuzzocrea/.matlab/SupportPackages/R2018B/3P.instrset/arduinoide.instrset/idepkgs/packages/arduino/hardware/sam/1.6.11/variants/arduino_due_x/libsam_sam3x8e_gcc_rel.a(uotghs_device.o)
                0x0000000000084534                UDD_Recv
 .text.UDD_Stall
                0x0000000000084568       0x14 /home/fcuzzocrea/.matlab/SupportPackages/R2018B/3P.instrset/arduinoide.instrset/idepkgs/packages/arduino/hardware/sam/1.6.11/variants/arduino_due_x/libsam_sam3x8e_gcc_rel.a(uotghs_device.o)
                0x0000000000084568                UDD_Stall
 .text.UDD_FifoByteCount
                0x000000000008457c       0x14 /home/fcuzzocrea/.matlab/SupportPackages/R2018B/3P.instrset/arduinoide.instrset/idepkgs/packages/arduino/hardware/sam/1.6.11/variants/arduino_due_x/libsam_sam3x8e_gcc_rel.a(uotghs_device.o)
                0x000000000008457c                UDD_FifoByteCount
 .text.UDD_ReleaseRX
                0x0000000000084590       0x28 /home/fcuzzocrea/.matlab/SupportPackages/R2018B/3P.instrset/arduinoide.instrset/idepkgs/packages/arduino/hardware/sam/1.6.11/variants/arduino_due_x/libsam_sam3x8e_gcc_rel.a(uotghs_device.o)
                0x0000000000084590                UDD_ReleaseRX
 .text.UDD_ReleaseTX
                0x00000000000845b8       0x28 /home/fcuzzocrea/.matlab/SupportPackages/R2018B/3P.instrset/arduinoide.instrset/idepkgs/packages/arduino/hardware/sam/1.6.11/variants/arduino_due_x/libsam_sam3x8e_gcc_rel.a(uotghs_device.o)
                0x00000000000845b8                UDD_ReleaseTX
 .text.UDD_SetAddress
                0x00000000000845e0       0x20 /home/fcuzzocrea/.matlab/SupportPackages/R2018B/3P.instrset/arduinoide.instrset/idepkgs/packages/arduino/hardware/sam/1.6.11/variants/arduino_due_x/libsam_sam3x8e_gcc_rel.a(uotghs_device.o)
                0x00000000000845e0                UDD_SetAddress
 .text.cos      0x0000000000084600       0x8c /home/fcuzzocrea/.matlab/SupportPackages/R2018B/3P.instrset/arduinoide.instrset/idepkgs/packages/arduino/tools/arm-none-eabi-gcc/4.8.3-2014q1/bin/../lib/gcc/arm-none-eabi/4.8.3/../../../../arm-none-eabi/lib/armv7-m/libm.a(lib_a-s_cos.o)
                0x0000000000084600                cos
 *fill*         0x000000000008468c        0x4 
 .text.floor    0x0000000000084690      0x120 /home/fcuzzocrea/.matlab/SupportPackages/R2018B/3P.instrset/arduinoide.instrset/idepkgs/packages/arduino/tools/arm-none-eabi-gcc/4.8.3-2014q1/bin/../lib/gcc/arm-none-eabi/4.8.3/../../../../arm-none-eabi/lib/armv7-m/libm.a(lib_a-s_floor.o)
                0x0000000000084690                floor
 .text.__fpclassifyd
                0x00000000000847b0       0x50 /home/fcuzzocrea/.matlab/SupportPackages/R2018B/3P.instrset/arduinoide.instrset/idepkgs/packages/arduino/tools/arm-none-eabi-gcc/4.8.3-2014q1/bin/../lib/gcc/arm-none-eabi/4.8.3/../../../../arm-none-eabi/lib/armv7-m/libm.a(lib_a-s_fpclassify.o)
                0x00000000000847b0                __fpclassifyd
 .text.sin      0x0000000000084800       0x94 /home/fcuzzocrea/.matlab/SupportPackages/R2018B/3P.instrset/arduinoide.instrset/idepkgs/packages/arduino/tools/arm-none-eabi-gcc/4.8.3-2014q1/bin/../lib/gcc/arm-none-eabi/4.8.3/../../../../arm-none-eabi/lib/armv7-m/libm.a(lib_a-s_sin.o)
                0x0000000000084800                sin
 .text.pow      0x0000000000084894      0x2f8 /home/fcuzzocrea/.matlab/SupportPackages/R2018B/3P.instrset/arduinoide.instrset/idepkgs/packages/arduino/tools/arm-none-eabi-gcc/4.8.3-2014q1/bin/../lib/gcc/arm-none-eabi/4.8.3/../../../../arm-none-eabi/lib/armv7-m/libm.a(lib_a-w_pow.o)
                0x0000000000084894                pow
 .text.sqrt     0x0000000000084b8c       0xac /home/fcuzzocrea/.matlab/SupportPackages/R2018B/3P.instrset/arduinoide.instrset/idepkgs/packages/arduino/tools/arm-none-eabi-gcc/4.8.3-2014q1/bin/../lib/gcc/arm-none-eabi/4.8.3/../../../../arm-none-eabi/lib/armv7-m/libm.a(lib_a-w_sqrt.o)
                0x0000000000084b8c                sqrt
 .text.__ieee754_pow
                0x0000000000084c38      0xab8 /home/fcuzzocrea/.matlab/SupportPackages/R2018B/3P.instrset/arduinoide.instrset/idepkgs/packages/arduino/tools/arm-none-eabi-gcc/4.8.3-2014q1/bin/../lib/gcc/arm-none-eabi/4.8.3/../../../../arm-none-eabi/lib/armv7-m/libm.a(lib_a-e_pow.o)
                0x0000000000084c38                __ieee754_pow
 .text.__ieee754_rem_pio2
                0x00000000000856f0      0x440 /home/fcuzzocrea/.matlab/SupportPackages/R2018B/3P.instrset/arduinoide.instrset/idepkgs/packages/arduino/tools/arm-none-eabi-gcc/4.8.3-2014q1/bin/../lib/gcc/arm-none-eabi/4.8.3/../../../../arm-none-eabi/lib/armv7-m/libm.a(lib_a-e_rem_pio2.o)
                0x00000000000856f0                __ieee754_rem_pio2
 .text.__ieee754_sqrt
                0x0000000000085b30      0x180 /home/fcuzzocrea/.matlab/SupportPackages/R2018B/3P.instrset/arduinoide.instrset/idepkgs/packages/arduino/tools/arm-none-eabi-gcc/4.8.3-2014q1/bin/../lib/gcc/arm-none-eabi/4.8.3/../../../../arm-none-eabi/lib/armv7-m/libm.a(lib_a-e_sqrt.o)
                0x0000000000085b30                __ieee754_sqrt
 .text.__kernel_cos
                0x0000000000085cb0      0x248 /home/fcuzzocrea/.matlab/SupportPackages/R2018B/3P.instrset/arduinoide.instrset/idepkgs/packages/arduino/tools/arm-none-eabi-gcc/4.8.3-2014q1/bin/../lib/gcc/arm-none-eabi/4.8.3/../../../../arm-none-eabi/lib/armv7-m/libm.a(lib_a-k_cos.o)
                0x0000000000085cb0                __kernel_cos
 .text.__kernel_rem_pio2
                0x0000000000085ef8      0x7bc /home/fcuzzocrea/.matlab/SupportPackages/R2018B/3P.instrset/arduinoide.instrset/idepkgs/packages/arduino/tools/arm-none-eabi-gcc/4.8.3-2014q1/bin/../lib/gcc/arm-none-eabi/4.8.3/../../../../arm-none-eabi/lib/armv7-m/libm.a(lib_a-k_rem_pio2.o)
                0x0000000000085ef8                __kernel_rem_pio2
 *fill*         0x00000000000866b4        0x4 
 .text.__kernel_sin
                0x00000000000866b8      0x170 /home/fcuzzocrea/.matlab/SupportPackages/R2018B/3P.instrset/arduinoide.instrset/idepkgs/packages/arduino/tools/arm-none-eabi-gcc/4.8.3-2014q1/bin/../lib/gcc/arm-none-eabi/4.8.3/../../../../arm-none-eabi/lib/armv7-m/libm.a(lib_a-k_sin.o)
                0x00000000000866b8                __kernel_sin
 .text.fabs     0x0000000000086828        0x8 /home/fcuzzocrea/.matlab/SupportPackages/R2018B/3P.instrset/arduinoide.instrset/idepkgs/packages/arduino/tools/arm-none-eabi-gcc/4.8.3-2014q1/bin/../lib/gcc/arm-none-eabi/4.8.3/../../../../arm-none-eabi/lib/armv7-m/libm.a(lib_a-s_fabs.o)
                0x0000000000086828                fabs
 .text.finite   0x0000000000086830        0xc /home/fcuzzocrea/.matlab/SupportPackages/R2018B/3P.instrset/arduinoide.instrset/idepkgs/packages/arduino/tools/arm-none-eabi-gcc/4.8.3-2014q1/bin/../lib/gcc/arm-none-eabi/4.8.3/../../../../arm-none-eabi/lib/armv7-m/libm.a(lib_a-s_finite.o)
                0x0000000000086830                finite
 .text.matherr  0x000000000008683c        0x4 /home/fcuzzocrea/.matlab/SupportPackages/R2018B/3P.instrset/arduinoide.instrset/idepkgs/packages/arduino/tools/arm-none-eabi-gcc/4.8.3-2014q1/bin/../lib/gcc/arm-none-eabi/4.8.3/../../../../arm-none-eabi/lib/armv7-m/libm.a(lib_a-s_matherr.o)
                0x000000000008683c                matherr
 .text.nan      0x0000000000086840        0xc /home/fcuzzocrea/.matlab/SupportPackages/R2018B/3P.instrset/arduinoide.instrset/idepkgs/packages/arduino/tools/arm-none-eabi-gcc/4.8.3-2014q1/bin/../lib/gcc/arm-none-eabi/4.8.3/../../../../arm-none-eabi/lib/armv7-m/libm.a(lib_a-s_nan.o)
                0x0000000000086840                nan
 .text.rint     0x000000000008684c      0x118 /home/fcuzzocrea/.matlab/SupportPackages/R2018B/3P.instrset/arduinoide.instrset/idepkgs/packages/arduino/tools/arm-none-eabi-gcc/4.8.3-2014q1/bin/../lib/gcc/arm-none-eabi/4.8.3/../../../../arm-none-eabi/lib/armv7-m/libm.a(lib_a-s_rint.o)
                0x000000000008684c                rint
 *fill*         0x0000000000086964        0x4 
 .text.scalbn   0x0000000000086968      0x100 /home/fcuzzocrea/.matlab/SupportPackages/R2018B/3P.instrset/arduinoide.instrset/idepkgs/packages/arduino/tools/arm-none-eabi-gcc/4.8.3-2014q1/bin/../lib/gcc/arm-none-eabi/4.8.3/../../../../arm-none-eabi/lib/armv7-m/libm.a(lib_a-s_scalbn.o)
                0x0000000000086968                scalbn
 .text.copysign
                0x0000000000086a68       0x14 /home/fcuzzocrea/.matlab/SupportPackages/R2018B/3P.instrset/arduinoide.instrset/idepkgs/packages/arduino/tools/arm-none-eabi-gcc/4.8.3-2014q1/bin/../lib/gcc/arm-none-eabi/4.8.3/../../../../arm-none-eabi/lib/armv7-m/libm.a(lib_a-s_copysign.o)
                0x0000000000086a68                copysign
 .text          0x0000000000086a7c      0x370 /home/fcuzzocrea/.matlab/SupportPackages/R2018B/3P.instrset/arduinoide.instrset/idepkgs/packages/arduino/tools/arm-none-eabi-gcc/4.8.3-2014q1/bin/../lib/gcc/arm-none-eabi/4.8.3/armv7-m/libgcc.a(_arm_addsubdf3.o)
                0x0000000000086a7c                __aeabi_drsub
                0x0000000000086a84                __aeabi_dsub
                0x0000000000086a84                __subdf3
                0x0000000000086a88                __adddf3
                0x0000000000086a88                __aeabi_dadd
                0x0000000000086d00                __aeabi_ui2d
                0x0000000000086d00                __floatunsidf
                0x0000000000086d20                __floatsidf
                0x0000000000086d20                __aeabi_i2d
                0x0000000000086d44                __extendsfdf2
                0x0000000000086d44                __aeabi_f2d
                0x0000000000086d80                __aeabi_ul2d
                0x0000000000086d80                __floatundidf
                0x0000000000086d90                __floatdidf
                0x0000000000086d90                __aeabi_l2d
 .text          0x0000000000086dec      0x424 /home/fcuzzocrea/.matlab/SupportPackages/R2018B/3P.instrset/arduinoide.instrset/idepkgs/packages/arduino/tools/arm-none-eabi-gcc/4.8.3-2014q1/bin/../lib/gcc/arm-none-eabi/4.8.3/armv7-m/libgcc.a(_arm_muldivdf3.o)
                0x0000000000086dec                __aeabi_dmul
                0x0000000000086dec                __muldf3
                0x0000000000087040                __aeabi_ddiv
                0x0000000000087040                __divdf3
 .text          0x0000000000087210      0x110 /home/fcuzzocrea/.matlab/SupportPackages/R2018B/3P.instrset/arduinoide.instrset/idepkgs/packages/arduino/tools/arm-none-eabi-gcc/4.8.3-2014q1/bin/../lib/gcc/arm-none-eabi/4.8.3/armv7-m/libgcc.a(_arm_cmpdf2.o)
                0x0000000000087210                __gtdf2
                0x0000000000087210                __gedf2
                0x0000000000087218                __ltdf2
                0x0000000000087218                __ledf2
                0x0000000000087220                __cmpdf2
                0x0000000000087220                __eqdf2
                0x0000000000087220                __nedf2
                0x000000000008729c                __aeabi_cdrcmple
                0x00000000000872ac                __aeabi_cdcmple
                0x00000000000872ac                __aeabi_cdcmpeq
                0x00000000000872bc                __aeabi_dcmpeq
                0x00000000000872d0                __aeabi_dcmplt
                0x00000000000872e4                __aeabi_dcmple
                0x00000000000872f8                __aeabi_dcmpge
                0x000000000008730c                __aeabi_dcmpgt
 .text          0x0000000000087320       0x50 /home/fcuzzocrea/.matlab/SupportPackages/R2018B/3P.instrset/arduinoide.instrset/idepkgs/packages/arduino/tools/arm-none-eabi-gcc/4.8.3-2014q1/bin/../lib/gcc/arm-none-eabi/4.8.3/armv7-m/libgcc.a(_arm_fixdfsi.o)
                0x0000000000087320                __fixdfsi
                0x0000000000087320                __aeabi_d2iz
 .text.__errno  0x0000000000087370        0xc /home/fcuzzocrea/.matlab/SupportPackages/R2018B/3P.instrset/arduinoide.instrset/idepkgs/packages/arduino/tools/arm-none-eabi-gcc/4.8.3-2014q1/bin/../lib/gcc/arm-none-eabi/4.8.3/../../../../arm-none-eabi/lib/armv7-m/libg.a(lib_a-errno.o)
                0x0000000000087370                __errno
 .text.__libc_init_array
                0x000000000008737c       0x50 /home/fcuzzocrea/.matlab/SupportPackages/R2018B/3P.instrset/arduinoide.instrset/idepkgs/packages/arduino/tools/arm-none-eabi-gcc/4.8.3-2014q1/bin/../lib/gcc/arm-none-eabi/4.8.3/../../../../arm-none-eabi/lib/armv7-m/libg.a(lib_a-init.o)
                0x000000000008737c                __libc_init_array
 .text.malloc   0x00000000000873cc       0x10 /home/fcuzzocrea/.matlab/SupportPackages/R2018B/3P.instrset/arduinoide.instrset/idepkgs/packages/arduino/tools/arm-none-eabi-gcc/4.8.3-2014q1/bin/../lib/gcc/arm-none-eabi/4.8.3/../../../../arm-none-eabi/lib/armv7-m/libg.a(lib_a-malloc.o)
                0x00000000000873cc                malloc
 .text._malloc_r
                0x00000000000873dc      0x538 /home/fcuzzocrea/.matlab/SupportPackages/R2018B/3P.instrset/arduinoide.instrset/idepkgs/packages/arduino/tools/arm-none-eabi-gcc/4.8.3-2014q1/bin/../lib/gcc/arm-none-eabi/4.8.3/../../../../arm-none-eabi/lib/armv7-m/libg.a(lib_a-mallocr.o)
                0x00000000000873dc                _malloc_r
 .text          0x0000000000087914       0xec /home/fcuzzocrea/.matlab/SupportPackages/R2018B/3P.instrset/arduinoide.instrset/idepkgs/packages/arduino/tools/arm-none-eabi-gcc/4.8.3-2014q1/bin/../lib/gcc/arm-none-eabi/4.8.3/../../../../arm-none-eabi/lib/armv7-m/libg.a(lib_a-memcpy.o)
                0x0000000000087914                memcpy
 .text.memset   0x0000000000087a00       0x94 /home/fcuzzocrea/.matlab/SupportPackages/R2018B/3P.instrset/arduinoide.instrset/idepkgs/packages/arduino/tools/arm-none-eabi-gcc/4.8.3-2014q1/bin/../lib/gcc/arm-none-eabi/4.8.3/../../../../arm-none-eabi/lib/armv7-m/libg.a(lib_a-memset.o)
                0x0000000000087a00                memset
 .text.__malloc_lock
                0x0000000000087a94        0x4 /home/fcuzzocrea/.matlab/SupportPackages/R2018B/3P.instrset/arduinoide.instrset/idepkgs/packages/arduino/tools/arm-none-eabi-gcc/4.8.3-2014q1/bin/../lib/gcc/arm-none-eabi/4.8.3/../../../../arm-none-eabi/lib/armv7-m/libg.a(lib_a-mlock.o)
                0x0000000000087a94                __malloc_lock
 .text.__malloc_unlock
                0x0000000000087a98        0x4 /home/fcuzzocrea/.matlab/SupportPackages/R2018B/3P.instrset/arduinoide.instrset/idepkgs/packages/arduino/tools/arm-none-eabi-gcc/4.8.3-2014q1/bin/../lib/gcc/arm-none-eabi/4.8.3/../../../../arm-none-eabi/lib/armv7-m/libg.a(lib_a-mlock.o)
                0x0000000000087a98                __malloc_unlock
 .text._sbrk_r  0x0000000000087a9c       0x24 /home/fcuzzocrea/.matlab/SupportPackages/R2018B/3P.instrset/arduinoide.instrset/idepkgs/packages/arduino/tools/arm-none-eabi-gcc/4.8.3-2014q1/bin/../lib/gcc/arm-none-eabi/4.8.3/../../../../arm-none-eabi/lib/armv7-m/libg.a(lib_a-sbrkr.o)
                0x0000000000087a9c                _sbrk_r
 .text.strlen   0x0000000000087ac0       0x60 /home/fcuzzocrea/.matlab/SupportPackages/R2018B/3P.instrset/arduinoide.instrset/idepkgs/packages/arduino/tools/arm-none-eabi-gcc/4.8.3-2014q1/bin/../lib/gcc/arm-none-eabi/4.8.3/../../../../arm-none-eabi/lib/armv7-m/libg.a(lib_a-strlen.o)
                0x0000000000087ac0                strlen
 .text.startup.register_fini
                0x0000000000087b20       0x14 /home/fcuzzocrea/.matlab/SupportPackages/R2018B/3P.instrset/arduinoide.instrset/idepkgs/packages/arduino/tools/arm-none-eabi-gcc/4.8.3-2014q1/bin/../lib/gcc/arm-none-eabi/4.8.3/../../../../arm-none-eabi/lib/armv7-m/libg.a(lib_a-__call_atexit.o)
 .text.atexit   0x0000000000087b34        0xc /home/fcuzzocrea/.matlab/SupportPackages/R2018B/3P.instrset/arduinoide.instrset/idepkgs/packages/arduino/tools/arm-none-eabi-gcc/4.8.3-2014q1/bin/../lib/gcc/arm-none-eabi/4.8.3/../../../../arm-none-eabi/lib/armv7-m/libg.a(lib_a-atexit.o)
                0x0000000000087b34                atexit
 .text.__libc_fini_array
                0x0000000000087b40       0x30 /home/fcuzzocrea/.matlab/SupportPackages/R2018B/3P.instrset/arduinoide.instrset/idepkgs/packages/arduino/tools/arm-none-eabi-gcc/4.8.3-2014q1/bin/../lib/gcc/arm-none-eabi/4.8.3/../../../../arm-none-eabi/lib/armv7-m/libg.a(lib_a-fini.o)
                0x0000000000087b40                __libc_fini_array
 .text._malloc_trim_r
                0x0000000000087b70       0x9c /home/fcuzzocrea/.matlab/SupportPackages/R2018B/3P.instrset/arduinoide.instrset/idepkgs/packages/arduino/tools/arm-none-eabi-gcc/4.8.3-2014q1/bin/../lib/gcc/arm-none-eabi/4.8.3/../../../../arm-none-eabi/lib/armv7-m/libg.a(lib_a-freer.o)
                0x0000000000087b70                _malloc_trim_r
 .text._free_r  0x0000000000087c0c      0x198 /home/fcuzzocrea/.matlab/SupportPackages/R2018B/3P.instrset/arduinoide.instrset/idepkgs/packages/arduino/tools/arm-none-eabi-gcc/4.8.3-2014q1/bin/../lib/gcc/arm-none-eabi/4.8.3/../../../../arm-none-eabi/lib/armv7-m/libg.a(lib_a-freer.o)
                0x0000000000087c0c                _free_r
 .text.__register_exitproc
                0x0000000000087da4       0xa8 /home/fcuzzocrea/.matlab/SupportPackages/R2018B/3P.instrset/arduinoide.instrset/idepkgs/packages/arduino/tools/arm-none-eabi-gcc/4.8.3-2014q1/bin/../lib/gcc/arm-none-eabi/4.8.3/../../../../arm-none-eabi/lib/armv7-m/libg.a(lib_a-__atexit.o)
                0x0000000000087da4                __register_exitproc
 *(.glue_7t)
 .glue_7t       0x0000000000000000        0x0 linker stubs
 *(.glue_7)
 .glue_7        0x0000000000000000        0x0 linker stubs
 *(.rodata .rodata* .gnu.linkonce.r.*)
 .rodata.CSWTCH.20
                0x0000000000087e4c        0xe xil_interface_lib.o
 *fill*         0x0000000000087e5a        0x6 
 .rodata._ZTV9IPAddress
                0x0000000000087e60       0x10 IPAddress.o
                0x0000000000087e60                vtable for IPAddress
 .rodata._ZTV9UARTClass
                0x0000000000087e70       0x30 UARTClass.o
                0x0000000000087e70                vtable for UARTClass
 .rodata._ZTV10USARTClass
                0x0000000000087ea0       0x30 USARTClass.o
                0x0000000000087ea0                vtable for USARTClass
 .rodata._ZTV7Serial_
                0x0000000000087ed0       0x28 CDC.o
                0x0000000000087ed0                vtable for Serial_
 .rodata._ZL18_cdcOtherInterface
                0x0000000000087ef8       0x42 CDC.o
 .rodata._ZL13_cdcInterface
                0x0000000000087f3a       0x42 CDC.o
 .rodata.STRING_PRODUCT
                0x0000000000087f7c        0xc USBCore.o
                0x0000000000087f7c                STRING_PRODUCT
 .rodata.USB_DeviceDescriptor
                0x0000000000087f88       0x12 USBCore.o
                0x0000000000087f88                USB_DeviceDescriptor
 .rodata.STRING_LANGUAGE
                0x0000000000087f9a        0x4 USBCore.o
                0x0000000000087f9a                STRING_LANGUAGE
 .rodata._ZL18test_packet_buffer
                0x0000000000087f9e       0x35 USBCore.o
 .rodata.STRING_MANUFACTURER
                0x0000000000087fd3        0x8 USBCore.o
                0x0000000000087fd3                STRING_MANUFACTURER
 .rodata.USB_DeviceDescriptorA
                0x0000000000087fdb       0x12 USBCore.o
                0x0000000000087fdb                USB_DeviceDescriptorA
 .rodata._ZL19USB_DeviceQualifier
                0x0000000000087fed        0x9 USBCore.o
 *fill*         0x0000000000087ff6        0x2 
 .rodata.g_APinDescription
                0x0000000000087ff8      0xa2c variant.o
                0x0000000000087ff8                g_APinDescription
 .rodata.str1.1
                0x0000000000088a24       0x1b /home/fcuzzocrea/Documenti/Progetti/SADC2017/Assignment/On_ert_rtw/coderassumptions/lib/On_ca.a(On_ca.o)
 *fill*         0x0000000000088a3f        0x1 
 .rodata.CA_On_ExpHW
                0x0000000000088a40       0x48 /home/fcuzzocrea/Documenti/Progetti/SADC2017/Assignment/On_ert_rtw/coderassumptions/lib/On_ca.a(On_ca.o)
                0x0000000000088a40                CA_On_ExpHW
 .rodata        0x0000000000088a88       0x40 /home/fcuzzocrea/.matlab/SupportPackages/R2018B/3P.instrset/arduinoide.instrset/idepkgs/packages/arduino/hardware/sam/1.6.11/variants/arduino_due_x/libsam_sam3x8e_gcc_rel.a(adc.o)
 .rodata.str1.4
                0x0000000000088ac8        0x4 /home/fcuzzocrea/.matlab/SupportPackages/R2018B/3P.instrset/arduinoide.instrset/idepkgs/packages/arduino/tools/arm-none-eabi-gcc/4.8.3-2014q1/bin/../lib/gcc/arm-none-eabi/4.8.3/../../../../arm-none-eabi/lib/armv7-m/libm.a(lib_a-w_pow.o)
 .rodata.str1.4
                0x0000000000088acc        0x5 /home/fcuzzocrea/.matlab/SupportPackages/R2018B/3P.instrset/arduinoide.instrset/idepkgs/packages/arduino/tools/arm-none-eabi-gcc/4.8.3-2014q1/bin/../lib/gcc/arm-none-eabi/4.8.3/../../../../arm-none-eabi/lib/armv7-m/libm.a(lib_a-w_sqrt.o)
                                          0x8 (size before relaxing)
 *fill*         0x0000000000088ad1        0x7 
 .rodata.dp_h   0x0000000000088ad8       0x10 /home/fcuzzocrea/.matlab/SupportPackages/R2018B/3P.instrset/arduinoide.instrset/idepkgs/packages/arduino/tools/arm-none-eabi-gcc/4.8.3-2014q1/bin/../lib/gcc/arm-none-eabi/4.8.3/../../../../arm-none-eabi/lib/armv7-m/libm.a(lib_a-e_pow.o)
 .rodata.dp_l   0x0000000000088ae8       0x10 /home/fcuzzocrea/.matlab/SupportPackages/R2018B/3P.instrset/arduinoide.instrset/idepkgs/packages/arduino/tools/arm-none-eabi-gcc/4.8.3-2014q1/bin/../lib/gcc/arm-none-eabi/4.8.3/../../../../arm-none-eabi/lib/armv7-m/libm.a(lib_a-e_pow.o)
 .rodata.bp     0x0000000000088af8       0x10 /home/fcuzzocrea/.matlab/SupportPackages/R2018B/3P.instrset/arduinoide.instrset/idepkgs/packages/arduino/tools/arm-none-eabi-gcc/4.8.3-2014q1/bin/../lib/gcc/arm-none-eabi/4.8.3/../../../../arm-none-eabi/lib/armv7-m/libm.a(lib_a-e_pow.o)
 .rodata.str1.4
                0x0000000000000000        0x5 /home/fcuzzocrea/.matlab/SupportPackages/R2018B/3P.instrset/arduinoide.instrset/idepkgs/packages/arduino/tools/arm-none-eabi-gcc/4.8.3-2014q1/bin/../lib/gcc/arm-none-eabi/4.8.3/../../../../arm-none-eabi/lib/armv7-m/libm.a(lib_a-e_pow.o)
                                          0x4 (size before relaxing)
 .rodata.npio2_hw
                0x0000000000088b08       0x80 /home/fcuzzocrea/.matlab/SupportPackages/R2018B/3P.instrset/arduinoide.instrset/idepkgs/packages/arduino/tools/arm-none-eabi-gcc/4.8.3-2014q1/bin/../lib/gcc/arm-none-eabi/4.8.3/../../../../arm-none-eabi/lib/armv7-m/libm.a(lib_a-e_rem_pio2.o)
 .rodata.two_over_pi
                0x0000000000088b88      0x108 /home/fcuzzocrea/.matlab/SupportPackages/R2018B/3P.instrset/arduinoide.instrset/idepkgs/packages/arduino/tools/arm-none-eabi-gcc/4.8.3-2014q1/bin/../lib/gcc/arm-none-eabi/4.8.3/../../../../arm-none-eabi/lib/armv7-m/libm.a(lib_a-e_rem_pio2.o)
 .rodata.init_jk
                0x0000000000088c90       0x10 /home/fcuzzocrea/.matlab/SupportPackages/R2018B/3P.instrset/arduinoide.instrset/idepkgs/packages/arduino/tools/arm-none-eabi-gcc/4.8.3-2014q1/bin/../lib/gcc/arm-none-eabi/4.8.3/../../../../arm-none-eabi/lib/armv7-m/libm.a(lib_a-k_rem_pio2.o)
 .rodata.PIo2   0x0000000000088ca0       0x40 /home/fcuzzocrea/.matlab/SupportPackages/R2018B/3P.instrset/arduinoide.instrset/idepkgs/packages/arduino/tools/arm-none-eabi-gcc/4.8.3-2014q1/bin/../lib/gcc/arm-none-eabi/4.8.3/../../../../arm-none-eabi/lib/armv7-m/libm.a(lib_a-k_rem_pio2.o)
 .rodata.TWO52  0x0000000000088ce0       0x10 /home/fcuzzocrea/.matlab/SupportPackages/R2018B/3P.instrset/arduinoide.instrset/idepkgs/packages/arduino/tools/arm-none-eabi-gcc/4.8.3-2014q1/bin/../lib/gcc/arm-none-eabi/4.8.3/../../../../arm-none-eabi/lib/armv7-m/libm.a(lib_a-s_rint.o)
 .rodata.str1.4
                0x0000000000088cf0        0x4 /home/fcuzzocrea/.matlab/SupportPackages/R2018B/3P.instrset/arduinoide.instrset/idepkgs/packages/arduino/tools/arm-none-eabi-gcc/4.8.3-2014q1/bin/../lib/gcc/arm-none-eabi/4.8.3/../../../../arm-none-eabi/lib/armv7-m/libg.a(lib_a-impure.o)
 .rodata._global_impure_ptr
                0x0000000000088cf4        0x4 /home/fcuzzocrea/.matlab/SupportPackages/R2018B/3P.instrset/arduinoide.instrset/idepkgs/packages/arduino/tools/arm-none-eabi-gcc/4.8.3-2014q1/bin/../lib/gcc/arm-none-eabi/4.8.3/../../../../arm-none-eabi/lib/armv7-m/libg.a(lib_a-impure.o)
                0x0000000000088cf4                _global_impure_ptr
 *(.ARM.extab* .gnu.linkonce.armextab.*)
                0x0000000000088cf8                . = ALIGN (0x4)
 *(.init)
 .init          0x0000000000088cf8        0x4 /home/fcuzzocrea/.matlab/SupportPackages/R2018B/3P.instrset/arduinoide.instrset/idepkgs/packages/arduino/tools/arm-none-eabi-gcc/4.8.3-2014q1/bin/../lib/gcc/arm-none-eabi/4.8.3/armv7-m/crti.o
                0x0000000000088cf8                _init
 .init          0x0000000000088cfc        0x8 /home/fcuzzocrea/.matlab/SupportPackages/R2018B/3P.instrset/arduinoide.instrset/idepkgs/packages/arduino/tools/arm-none-eabi-gcc/4.8.3-2014q1/bin/../lib/gcc/arm-none-eabi/4.8.3/armv7-m/crtn.o
                0x0000000000088d04                . = ALIGN (0x4)
                0x0000000000088d04                __preinit_array_start = .
 *(.preinit_array)
                0x0000000000088d04                __preinit_array_end = .
                0x0000000000088d04                . = ALIGN (0x4)
                0x0000000000088d04                __init_array_start = .
 *(SORT(.init_array.*))
 .init_array.00000
                0x0000000000088d04        0x4 /home/fcuzzocrea/.matlab/SupportPackages/R2018B/3P.instrset/arduinoide.instrset/idepkgs/packages/arduino/tools/arm-none-eabi-gcc/4.8.3-2014q1/bin/../lib/gcc/arm-none-eabi/4.8.3/../../../../arm-none-eabi/lib/armv7-m/libg.a(lib_a-__call_atexit.o)
 *(.init_array)
 .init_array    0x0000000000088d08        0x4 /home/fcuzzocrea/.matlab/SupportPackages/R2018B/3P.instrset/arduinoide.instrset/idepkgs/packages/arduino/tools/arm-none-eabi-gcc/4.8.3-2014q1/bin/../lib/gcc/arm-none-eabi/4.8.3/armv7-m/crtbegin.o
 .init_array    0x0000000000088d0c        0x4 IPAddress.o
 .init_array    0x0000000000088d10        0x4 CDC.o
 .init_array    0x0000000000088d14        0x4 USBCore.o
 .init_array    0x0000000000088d18        0x4 variant.o
                0x0000000000088d1c                __init_array_end = .
                0x0000000000088d1c                . = ALIGN (0x4)
 *crtbegin.o(.ctors)
 *(EXCLUDE_FILE(*crtend.o) .ctors)
 *(SORT(.ctors.*))
 *crtend.o(.ctors)
                0x0000000000088d1c                . = ALIGN (0x4)
 *(.fini)
 .fini          0x0000000000088d1c        0x4 /home/fcuzzocrea/.matlab/SupportPackages/R2018B/3P.instrset/arduinoide.instrset/idepkgs/packages/arduino/tools/arm-none-eabi-gcc/4.8.3-2014q1/bin/../lib/gcc/arm-none-eabi/4.8.3/armv7-m/crti.o
                0x0000000000088d1c                _fini
 .fini          0x0000000000088d20        0x8 /home/fcuzzocrea/.matlab/SupportPackages/R2018B/3P.instrset/arduinoide.instrset/idepkgs/packages/arduino/tools/arm-none-eabi-gcc/4.8.3-2014q1/bin/../lib/gcc/arm-none-eabi/4.8.3/armv7-m/crtn.o
                0x0000000000088d28                . = ALIGN (0x4)
                0x0000000000088d28                __fini_array_start = .
 *(.fini_array)
 .fini_array    0x0000000000088d28        0x4 /home/fcuzzocrea/.matlab/SupportPackages/R2018B/3P.instrset/arduinoide.instrset/idepkgs/packages/arduino/tools/arm-none-eabi-gcc/4.8.3-2014q1/bin/../lib/gcc/arm-none-eabi/4.8.3/armv7-m/crtbegin.o
 *(SORT(.fini_array.*))
                0x0000000000088d2c                __fini_array_end = .
 *crtbegin.o(.dtors)
 *(EXCLUDE_FILE(*crtend.o) .dtors)
 *(SORT(.dtors.*))
 *crtend.o(.dtors)
                0x0000000000088d2c                . = ALIGN (0x4)
                0x0000000000088d2c                _efixed = .
                0x0000000000088d2c                PROVIDE (__exidx_start, .)

.vfp11_veneer   0x0000000000088d2c        0x0
 .vfp11_veneer  0x0000000000000000        0x0 linker stubs

.v4_bx          0x0000000000088d2c        0x0
 .v4_bx         0x0000000000000000        0x0 linker stubs

.iplt           0x0000000000088d2c        0x0
 .iplt          0x0000000000000000        0x0 /home/fcuzzocrea/.matlab/SupportPackages/R2018B/3P.instrset/arduinoide.instrset/idepkgs/packages/arduino/tools/arm-none-eabi-gcc/4.8.3-2014q1/bin/../lib/gcc/arm-none-eabi/4.8.3/armv7-m/crtbegin.o

.eh_frame       0x0000000000088d2c        0x0
 .eh_frame      0x0000000000088d2c        0x0 /home/fcuzzocrea/.matlab/SupportPackages/R2018B/3P.instrset/arduinoide.instrset/idepkgs/packages/arduino/tools/arm-none-eabi-gcc/4.8.3-2014q1/bin/../lib/gcc/arm-none-eabi/4.8.3/armv7-m/crtbegin.o

.rel.dyn        0x0000000000088d2c        0x0
 .rel.iplt      0x0000000000000000        0x0 /home/fcuzzocrea/.matlab/SupportPackages/R2018B/3P.instrset/arduinoide.instrset/idepkgs/packages/arduino/tools/arm-none-eabi-gcc/4.8.3-2014q1/bin/../lib/gcc/arm-none-eabi/4.8.3/armv7-m/crtbegin.o

.jcr            0x0000000000088d2c        0x0
 .jcr           0x0000000000088d2c        0x0 /home/fcuzzocrea/.matlab/SupportPackages/R2018B/3P.instrset/arduinoide.instrset/idepkgs/packages/arduino/tools/arm-none-eabi-gcc/4.8.3-2014q1/bin/../lib/gcc/arm-none-eabi/4.8.3/armv7-m/crtbegin.o

.igot.plt       0x0000000000088d2c        0x0
 .igot.plt      0x0000000000000000        0x0 /home/fcuzzocrea/.matlab/SupportPackages/R2018B/3P.instrset/arduinoide.instrset/idepkgs/packages/arduino/tools/arm-none-eabi-gcc/4.8.3-2014q1/bin/../lib/gcc/arm-none-eabi/4.8.3/armv7-m/crtbegin.o

.ARM.exidx
 *(.ARM.exidx* .gnu.linkonce.armexidx.*)
                0x0000000000088d2c                PROVIDE (__exidx_end, .)
                0x0000000000088d2c                . = ALIGN (0x4)
                0x0000000000088d2c                _etext = .

.relocate       0x0000000020070000      0xa7c load address 0x0000000000088d2c
                0x0000000020070000                . = ALIGN (0x4)
                0x0000000020070000                _srelocate = .
 *(.ramfunc .ramfunc.*)
 .ramfunc       0x0000000020070000       0x2c Reset.o
                0x0000000020070000                banzai
 *(.data .data.*)
 .data.processMsgSuccess
                0x000000002007002c        0x4 xil_interface_lib.o
 .data._ZL5ticks
                0x0000000020070030        0x4 Reset.o
 .data._ZL10breakValue
                0x0000000020070034        0x4 CDC.o
 .data._ZL12_usbLineInfo
                0x0000000020070038        0x8 CDC.o
 .data.EndPoints
                0x0000000020070040       0x28 USBCore.o
                0x0000000020070040                EndPoints
 .data.On_P     0x0000000020070068      0x1b8 ../On_data.o
                0x0000000020070068                On_P
 .data.realmin  0x0000000020070220        0x8 /home/fcuzzocrea/Documenti/Progetti/SADC2017/Assignment/On_ert_rtw/coderassumptions/lib/On_ca.a(coder_assumptions_hwimpl.o)
 .data.denormalAsZero
                0x0000000020070228        0x8 /home/fcuzzocrea/Documenti/Progetti/SADC2017/Assignment/On_ert_rtw/coderassumptions/lib/On_ca.a(coder_assumptions_flt.o)
                0x0000000020070228                denormalAsZero
 .data.SystemCoreClock
                0x0000000020070230        0x4 /home/fcuzzocrea/.matlab/SupportPackages/R2018B/3P.instrset/arduinoide.instrset/idepkgs/packages/arduino/hardware/sam/1.6.11/variants/arduino_due_x/libsam_sam3x8e_gcc_rel.a(system_sam3xa.o)
                0x0000000020070230                SystemCoreClock
 .data.g_interrupt_enabled
                0x0000000020070234        0x4 /home/fcuzzocrea/.matlab/SupportPackages/R2018B/3P.instrset/arduinoide.instrset/idepkgs/packages/arduino/hardware/sam/1.6.11/variants/arduino_due_x/libsam_sam3x8e_gcc_rel.a(interrupt_sam_nvic.o)
                0x0000000020070234                g_interrupt_enabled
 .data.__fdlib_version
                0x0000000020070238        0x1 /home/fcuzzocrea/.matlab/SupportPackages/R2018B/3P.instrset/arduinoide.instrset/idepkgs/packages/arduino/tools/arm-none-eabi-gcc/4.8.3-2014q1/bin/../lib/gcc/arm-none-eabi/4.8.3/../../../../arm-none-eabi/lib/armv7-m/libm.a(lib_a-s_lib_ver.o)
                0x0000000020070238                __fdlib_version
 *fill*         0x0000000020070239        0x7 
 .data.impure_data
                0x0000000020070240      0x428 /home/fcuzzocrea/.matlab/SupportPackages/R2018B/3P.instrset/arduinoide.instrset/idepkgs/packages/arduino/tools/arm-none-eabi-gcc/4.8.3-2014q1/bin/../lib/gcc/arm-none-eabi/4.8.3/../../../../arm-none-eabi/lib/armv7-m/libg.a(lib_a-impure.o)
 .data._impure_ptr
                0x0000000020070668        0x4 /home/fcuzzocrea/.matlab/SupportPackages/R2018B/3P.instrset/arduinoide.instrset/idepkgs/packages/arduino/tools/arm-none-eabi-gcc/4.8.3-2014q1/bin/../lib/gcc/arm-none-eabi/4.8.3/../../../../arm-none-eabi/lib/armv7-m/libg.a(lib_a-impure.o)
                0x0000000020070668                _impure_ptr
 .data.__malloc_av_
                0x000000002007066c      0x408 /home/fcuzzocrea/.matlab/SupportPackages/R2018B/3P.instrset/arduinoide.instrset/idepkgs/packages/arduino/tools/arm-none-eabi-gcc/4.8.3-2014q1/bin/../lib/gcc/arm-none-eabi/4.8.3/../../../../arm-none-eabi/lib/armv7-m/libg.a(lib_a-mallocr.o)
                0x000000002007066c                __malloc_av_
 .data.__malloc_trim_threshold
                0x0000000020070a74        0x4 /home/fcuzzocrea/.matlab/SupportPackages/R2018B/3P.instrset/arduinoide.instrset/idepkgs/packages/arduino/tools/arm-none-eabi-gcc/4.8.3-2014q1/bin/../lib/gcc/arm-none-eabi/4.8.3/../../../../arm-none-eabi/lib/armv7-m/libg.a(lib_a-mallocr.o)
                0x0000000020070a74                __malloc_trim_threshold
 .data.__malloc_sbrk_base
                0x0000000020070a78        0x4 /home/fcuzzocrea/.matlab/SupportPackages/R2018B/3P.instrset/arduinoide.instrset/idepkgs/packages/arduino/tools/arm-none-eabi-gcc/4.8.3-2014q1/bin/../lib/gcc/arm-none-eabi/4.8.3/../../../../arm-none-eabi/lib/armv7-m/libg.a(lib_a-mallocr.o)
                0x0000000020070a78                __malloc_sbrk_base
                0x0000000020070a7c                . = ALIGN (0x4)
                0x0000000020070a7c                _erelocate = .

.bss            0x0000000020070a7c     0x10b0 load address 0x00000000000897a8
                0x0000000020070a7c                . = ALIGN (0x4)
                0x0000000020070a7c                _sbss = .
                0x0000000020070a7c                _szero = .
 *(.bss .bss.*)
 .bss           0x0000000020070a7c       0x1c /home/fcuzzocrea/.matlab/SupportPackages/R2018B/3P.instrset/arduinoide.instrset/idepkgs/packages/arduino/tools/arm-none-eabi-gcc/4.8.3-2014q1/bin/../lib/gcc/arm-none-eabi/4.8.3/armv7-m/crtbegin.o
 .bss.gpf_isr   0x0000000020070a98        0x4 /home/fcuzzocrea/.matlab/SupportPackages/R2018B/3P.instrset/arduinoide.instrset/idepkgs/packages/arduino/hardware/sam/1.6.11/variants/arduino_due_x/libsam_sam3x8e_gcc_rel.a(uotghs.o)
                0x0000000020070a98                gpf_isr
 .bss.cc        0x0000000020070a9c        0xc xil_interface_lib.o
 .bss.uDataLength.4694
                0x0000000020070aa8        0x4 xil_interface_lib.o
 .bss.isShutdownCommand
                0x0000000020070aac        0x4 xil_interface_lib.o
 .bss.xilIODataPtr
                0x0000000020070ab0        0x4 xil_interface_lib.o
 .bss.serverFcnId
                0x0000000020070ab4        0x4 xil_interface_lib.o
 .bss.uDataAddress.4693
                0x0000000020070ab8        0x4 xil_interface_lib.o
 .bss.xilWriteBuffer
                0x0000000020070abc        0x4 xil_data_stream.o
 .bss.xilWriteDataAvail
                0x0000000020070ac0        0x2 xil_data_stream.o
 *fill*         0x0000000020070ac2        0x2 
 .bss.pBuffer   0x0000000020070ac4        0x4 xil_data_stream.o
 .bss.commandResponseType
                0x0000000020070ac8        0x4 xil_data_stream.o
 .bss.xilWriteDataPtr
                0x0000000020070acc        0x4 xil_data_stream.o
 .bss.currentBufferPosition.4662
                0x0000000020070ad0        0x4 xil_data_stream.o
 .bss.currentBufSize.4663
                0x0000000020070ad4        0x2 xil_data_stream.o
 *fill*         0x0000000020070ad6        0x2 
 .bss.initComplete.9847
                0x0000000020070ad8        0x4 xil_interface.o
 .bss.xil_fcnid0_task1_output_u
                0x0000000020070adc       0x18 xil_interface.o
 .bss.initComplete.9858
                0x0000000020070af4        0x4 xil_interface.o
 .bss.xil_fcnid0_init_y
                0x0000000020070af8       0x18 xil_interface.o
 .bss.xil_fcnid0_ws_params
                0x0000000020070b10       0x40 xil_interface.o
 .bss.initComplete.9882
                0x0000000020070b50        0x4 xil_interface.o
 .bss.xil_fcnid0_task1_y
                0x0000000020070b54       0x18 xil_interface.o
 .bss.initComplete.9888
                0x0000000020070b6c        0x4 xil_interface.o
 .bss.xilCommsBuffer
                0x0000000020070b70       0x80 xilcomms_rtiostream.o
 .bss.streamID  0x0000000020070bf0        0x4 xilcomms_rtiostream.o
 .bss.xilWriteBuffer
                0x0000000020070bf4       0x80 xil_rtiostream.o
 .bss.pwsEnabled
                0x0000000020070c74        0x1 coder_assumptions_app.o
 *fill*         0x0000000020070c75        0x3 
 .bss.pBuffer   0x0000000020070c78        0x4 coder_assumptions_data_stream.o
 .bss.coderAssumptionsWriteDataAvail
                0x0000000020070c7c        0x2 coder_assumptions_data_stream.o
 *fill*         0x0000000020070c7e        0x2 
 .bss.coderAssumptionsWriteDataPtr
                0x0000000020070c80        0x4 coder_assumptions_data_stream.o
 .bss.coderAssumpWriteBuffer
                0x0000000020070c84       0x20 coder_assumptions_rtiostream.o
 .bss.heap.6420
                0x0000000020070ca4        0x4 syscalls_sam3.o
 .bss.callbacksPioA
                0x0000000020070ca8       0x80 WInterrupts.o
 .bss.callbacksPioB
                0x0000000020070d28       0x80 WInterrupts.o
 .bss.callbacksPioC
                0x0000000020070da8       0x80 WInterrupts.o
 .bss.callbacksPioD
                0x0000000020070e28       0x80 WInterrupts.o
 .bss._ZL11INADDR_NONE
                0x0000000020070ea8        0x8 IPAddress.o
 .bss.cdc_rx_buffer
                0x0000000020070eb0      0x208 CDC.o
                0x0000000020070eb0                cdc_rx_buffer
 .bss._ZZN7Serial_6acceptEvE5guard
                0x00000000200710b8        0x4 CDC.o
 .bss.SerialUSB
                0x00000000200710bc       0x14 CDC.o
                0x00000000200710bc                SerialUSB
 .bss._ZZ12PluggableUSBvE3obj
                0x00000000200710d0        0x8 PluggableUSB.o
 .bss._ZGVZ12PluggableUSBvE3obj
                0x00000000200710d8        0x4 PluggableUSB.o
 .bss._cmark    0x00000000200710dc        0x2 USBCore.o
                0x00000000200710dc                _cmark
 .bss._ZL14isEndpointHalt
                0x00000000200710de        0x1 USBCore.o
 *fill*         0x00000000200710df        0x1 
 .bss._cdcComposite
                0x00000000200710e0        0x4 USBCore.o
                0x00000000200710e0                _cdcComposite
 .bss._ZL21isRemoteWakeUpEnabled
                0x00000000200710e4        0x1 USBCore.o
 *fill*         0x00000000200710e5        0x3 
 .bss._usbInitialized
                0x00000000200710e8        0x4 USBCore.o
                0x00000000200710e8                _usbInitialized
 .bss.USBDevice
                0x00000000200710ec        0x1 USBCore.o
                0x00000000200710ec                USBDevice
 *fill*         0x00000000200710ed        0x3 
 .bss._usbSetInterface
                0x00000000200710f0        0x4 USBCore.o
                0x00000000200710f0                _usbSetInterface
 .bss._cend     0x00000000200710f4        0x2 USBCore.o
                0x00000000200710f4                _cend
 *fill*         0x00000000200710f6        0x2 
 .bss._usbConfiguration
                0x00000000200710f8        0x4 USBCore.o
                0x00000000200710f8                _usbConfiguration
 .bss.tx_buffer2
                0x00000000200710fc       0x88 variant.o
                0x00000000200710fc                tx_buffer2
 .bss.tx_buffer1
                0x0000000020071184       0x88 variant.o
                0x0000000020071184                tx_buffer1
 .bss.Serial    0x000000002007120c       0x24 variant.o
                0x000000002007120c                Serial
 .bss.rx_buffer1
                0x0000000020071230       0x88 variant.o
                0x0000000020071230                rx_buffer1
 .bss.Serial1   0x00000000200712b8       0x28 variant.o
                0x00000000200712b8                Serial1
 .bss.Serial2   0x00000000200712e0       0x28 variant.o
                0x00000000200712e0                Serial2
 .bss.Serial3   0x0000000020071308       0x28 variant.o
                0x0000000020071308                Serial3
 .bss.tx_buffer3
                0x0000000020071330       0x88 variant.o
                0x0000000020071330                tx_buffer3
 .bss.tx_buffer4
                0x00000000200713b8       0x88 variant.o
                0x00000000200713b8                tx_buffer4
 .bss.g_pinStatus
                0x0000000020071440       0x4f variant.o
                0x0000000020071440                g_pinStatus
 *fill*         0x000000002007148f        0x1 
 .bss.rx_buffer2
                0x0000000020071490       0x88 variant.o
                0x0000000020071490                rx_buffer2
 .bss.rx_buffer3
                0x0000000020071518       0x88 variant.o
                0x0000000020071518                rx_buffer3
 .bss.rx_buffer4
                0x00000000200715a0       0x88 variant.o
                0x00000000200715a0                rx_buffer4
 .bss._dwTickCount
                0x0000000020071628        0x4 /home/fcuzzocrea/.matlab/SupportPackages/R2018B/3P.instrset/arduinoide.instrset/idepkgs/packages/arduino/hardware/sam/1.6.11/variants/arduino_due_x/libsam_sam3x8e_gcc_rel.a(timetick.o)
 .bss.ul_recv_fifo_ptr
                0x000000002007162c       0x28 /home/fcuzzocrea/.matlab/SupportPackages/R2018B/3P.instrset/arduinoide.instrset/idepkgs/packages/arduino/hardware/sam/1.6.11/variants/arduino_due_x/libsam_sam3x8e_gcc_rel.a(uotghs_device.o)
 .bss.ul_send_fifo_ptr
                0x0000000020071654       0x28 /home/fcuzzocrea/.matlab/SupportPackages/R2018B/3P.instrset/arduinoide.instrset/idepkgs/packages/arduino/hardware/sam/1.6.11/variants/arduino_due_x/libsam_sam3x8e_gcc_rel.a(uotghs_device.o)
 .bss.__malloc_max_total_mem
                0x000000002007167c        0x4 /home/fcuzzocrea/.matlab/SupportPackages/R2018B/3P.instrset/arduinoide.instrset/idepkgs/packages/arduino/tools/arm-none-eabi-gcc/4.8.3-2014q1/bin/../lib/gcc/arm-none-eabi/4.8.3/../../../../arm-none-eabi/lib/armv7-m/libg.a(lib_a-mallocr.o)
                0x000000002007167c                __malloc_max_total_mem
 .bss.__malloc_max_sbrked_mem
                0x0000000020071680        0x4 /home/fcuzzocrea/.matlab/SupportPackages/R2018B/3P.instrset/arduinoide.instrset/idepkgs/packages/arduino/tools/arm-none-eabi-gcc/4.8.3-2014q1/bin/../lib/gcc/arm-none-eabi/4.8.3/../../../../arm-none-eabi/lib/armv7-m/libg.a(lib_a-mallocr.o)
                0x0000000020071680                __malloc_max_sbrked_mem
 .bss.__malloc_top_pad
                0x0000000020071684        0x4 /home/fcuzzocrea/.matlab/SupportPackages/R2018B/3P.instrset/arduinoide.instrset/idepkgs/packages/arduino/tools/arm-none-eabi-gcc/4.8.3-2014q1/bin/../lib/gcc/arm-none-eabi/4.8.3/../../../../arm-none-eabi/lib/armv7-m/libg.a(lib_a-mallocr.o)
                0x0000000020071684                __malloc_top_pad
 .bss.__malloc_current_mallinfo
                0x0000000020071688       0x28 /home/fcuzzocrea/.matlab/SupportPackages/R2018B/3P.instrset/arduinoide.instrset/idepkgs/packages/arduino/tools/arm-none-eabi-gcc/4.8.3-2014q1/bin/../lib/gcc/arm-none-eabi/4.8.3/../../../../arm-none-eabi/lib/armv7-m/libg.a(lib_a-mallocr.o)
                0x0000000020071688                __malloc_current_mallinfo
 *(COMMON)
 COMMON         0x00000000200716b0      0x3e0 ../On.o
                0x00000000200716b0                On_Y
                0x00000000200716e0                On_DW
                0x00000000200717e0                On_U
                0x0000000020071810                On_M_
                0x0000000020071818                On_B
 COMMON         0x0000000020071a90       0x24 ../rt_nonfinite.o
                0x0000000020071a90                rtNaNF
                0x0000000020071a94                rtInfF
                0x0000000020071a98                rtInf
                0x0000000020071aa0                rtNaN
                0x0000000020071aa8                rtMinusInf
                0x0000000020071ab0                rtMinusInfF
 COMMON         0x0000000020071ab4       0x6e /home/fcuzzocrea/Documenti/Progetti/SADC2017/Assignment/On_ert_rtw/coderassumptions/lib/On_ca.a(On_ca.o)
                0x0000000020071ab4                CA_On_PWSRes
                0x0000000020071ab8                CA_On_ActHW
                0x0000000020071b00                CA_On_HWRes
 *fill*         0x0000000020071b22        0x2 
 COMMON         0x0000000020071b24        0x4 /home/fcuzzocrea/Documenti/Progetti/SADC2017/Assignment/On_ert_rtw/coderassumptions/lib/On_ca.a(coder_assumptions_hwimpl.o)
                0x0000000020071b24                aGlobalInt
 COMMON         0x0000000020071b28        0x4 /home/fcuzzocrea/.matlab/SupportPackages/R2018B/3P.instrset/arduinoide.instrset/idepkgs/packages/arduino/tools/arm-none-eabi-gcc/4.8.3-2014q1/bin/../lib/gcc/arm-none-eabi/4.8.3/../../../../arm-none-eabi/lib/armv7-m/libg.a(lib_a-reent.o)
                0x0000000020071b28                errno
                0x0000000020071b2c                . = ALIGN (0x4)
                0x0000000020071b2c                _ebss = .
                0x0000000020071b2c                _ezero = .
                0x0000000020071b2c                . = ALIGN (0x4)
                0x0000000020071b2c                _end = .

.stack_dummy    0x0000000020071b2c        0x0
 *(.stack*)
                0x0000000020088000                __StackTop = (ORIGIN (ram) + 0x18000)
                0x0000000020088000                __StackLimit = (__StackTop - SIZEOF (.stack_dummy))
                0x0000000020088000                PROVIDE (_sstack, __StackLimit)
                0x0000000020088000                PROVIDE (_estack, __StackTop)
OUTPUT(./On.elf elf32-littlearm)

.ARM.attributes
                0x0000000000000000       0x29
 .ARM.attributes
                0x0000000000000000       0x1d /home/fcuzzocrea/.matlab/SupportPackages/R2018B/3P.instrset/arduinoide.instrset/idepkgs/packages/arduino/tools/arm-none-eabi-gcc/4.8.3-2014q1/bin/../lib/gcc/arm-none-eabi/4.8.3/armv7-m/crti.o
 .ARM.attributes
                0x000000000000001d       0x2d /home/fcuzzocrea/.matlab/SupportPackages/R2018B/3P.instrset/arduinoide.instrset/idepkgs/packages/arduino/tools/arm-none-eabi-gcc/4.8.3-2014q1/bin/../lib/gcc/arm-none-eabi/4.8.3/armv7-m/crtbegin.o
 .ARM.attributes
                0x000000000000004a       0x33 /home/fcuzzocrea/.matlab/SupportPackages/R2018B/3P.instrset/arduinoide.instrset/idepkgs/packages/arduino/hardware/sam/1.6.11/variants/arduino_due_x/libsam_sam3x8e_gcc_rel.a(startup_sam3xa.o)
 .ARM.attributes
                0x000000000000007d       0x33 /home/fcuzzocrea/.matlab/SupportPackages/R2018B/3P.instrset/arduinoide.instrset/idepkgs/packages/arduino/hardware/sam/1.6.11/variants/arduino_due_x/libsam_sam3x8e_gcc_rel.a(uotghs.o)
 .ARM.attributes
                0x00000000000000b0       0x33 xil_interface_lib.o
 .ARM.attributes
                0x00000000000000e3       0x33 xil_data_stream.o
 .ARM.attributes
                0x0000000000000116       0x33 xil_services.o
 .ARM.attributes
                0x0000000000000149       0x33 xil_interface.o
 .ARM.attributes
                0x000000000000017c       0x33 xilcomms_rtiostream.o
 .ARM.attributes
                0x00000000000001af       0x33 xil_rtiostream.o
 .ARM.attributes
                0x00000000000001e2       0x33 rtiostream_utils.o
 .ARM.attributes
                0x0000000000000215       0x33 coder_assumptions_app.o
 .ARM.attributes
                0x0000000000000248       0x33 coder_assumptions_data_stream.o
 .ARM.attributes
                0x000000000000027b       0x33 coder_assumptions_rtiostream.o
 .ARM.attributes
                0x00000000000002ae       0x33 cortex_handlers.o
 .ARM.attributes
                0x00000000000002e1       0x33 hooks.o
 .ARM.attributes
                0x0000000000000314       0x33 syscalls_sam3.o
 .ARM.attributes
                0x0000000000000347       0x33 WInterrupts.o
 .ARM.attributes
                0x000000000000037a       0x33 wiring.o
 .ARM.attributes
                0x00000000000003ad       0x33 wiring_analog.o
 .ARM.attributes
                0x00000000000003e0       0x33 wiring_digital.o
 .ARM.attributes
                0x0000000000000413       0x33 IPAddress.o
 .ARM.attributes
                0x0000000000000446       0x33 Print.o
 .ARM.attributes
                0x0000000000000479       0x33 Reset.o
 .ARM.attributes
                0x00000000000004ac       0x33 RingBuffer.o
 .ARM.attributes
                0x00000000000004df       0x33 UARTClass.o
 .ARM.attributes
                0x0000000000000512       0x33 USARTClass.o
 .ARM.attributes
                0x0000000000000545       0x33 watchdog.o
 .ARM.attributes
                0x0000000000000578       0x33 CDC.o
 .ARM.attributes
                0x00000000000005ab       0x33 PluggableUSB.o
 .ARM.attributes
                0x00000000000005de       0x33 USBCore.o
 .ARM.attributes
                0x0000000000000611       0x33 variant.o
 .ARM.attributes
                0x0000000000000644       0x33 io_wrappers.o
 .ARM.attributes
                0x0000000000000677       0x33 MW_ArduinoHWInit.o
 .ARM.attributes
                0x00000000000006aa       0x33 rtiostream_serial.o
 .ARM.attributes
                0x00000000000006dd       0x33 pil_main_arduino.o
 .ARM.attributes
                0x0000000000000710       0x33 ../On.o
 .ARM.attributes
                0x0000000000000743       0x33 ../On_data.o
 .ARM.attributes
                0x0000000000000776       0x33 ../rtGetInf.o
 .ARM.attributes
                0x00000000000007a9       0x33 ../rtGetNaN.o
 .ARM.attributes
                0x00000000000007dc       0x33 ../rt_nonfinite.o
 .ARM.attributes
                0x000000000000080f       0x33 /home/fcuzzocrea/Documenti/Progetti/SADC2017/Assignment/On_ert_rtw/coderassumptions/lib/On_ca.a(On_ca.o)
 .ARM.attributes
                0x0000000000000842       0x33 /home/fcuzzocrea/Documenti/Progetti/SADC2017/Assignment/On_ert_rtw/coderassumptions/lib/On_ca.a(coder_assumptions_hwimpl.o)
 .ARM.attributes
                0x0000000000000875       0x33 /home/fcuzzocrea/Documenti/Progetti/SADC2017/Assignment/On_ert_rtw/coderassumptions/lib/On_ca.a(coder_assumptions_flt.o)
 .ARM.attributes
                0x00000000000008a8       0x33 /home/fcuzzocrea/.matlab/SupportPackages/R2018B/3P.instrset/arduinoide.instrset/idepkgs/packages/arduino/hardware/sam/1.6.11/variants/arduino_due_x/libsam_sam3x8e_gcc_rel.a(pio.o)
 .ARM.attributes
                0x00000000000008db       0x33 /home/fcuzzocrea/.matlab/SupportPackages/R2018B/3P.instrset/arduinoide.instrset/idepkgs/packages/arduino/hardware/sam/1.6.11/variants/arduino_due_x/libsam_sam3x8e_gcc_rel.a(pmc.o)
 .ARM.attributes
                0x000000000000090e       0x33 /home/fcuzzocrea/.matlab/SupportPackages/R2018B/3P.instrset/arduinoide.instrset/idepkgs/packages/arduino/hardware/sam/1.6.11/variants/arduino_due_x/libsam_sam3x8e_gcc_rel.a(timetick.o)
 .ARM.attributes
                0x0000000000000941       0x33 /home/fcuzzocrea/.matlab/SupportPackages/R2018B/3P.instrset/arduinoide.instrset/idepkgs/packages/arduino/hardware/sam/1.6.11/variants/arduino_due_x/libsam_sam3x8e_gcc_rel.a(wdt.o)
 .ARM.attributes
                0x0000000000000974       0x33 /home/fcuzzocrea/.matlab/SupportPackages/R2018B/3P.instrset/arduinoide.instrset/idepkgs/packages/arduino/hardware/sam/1.6.11/variants/arduino_due_x/libsam_sam3x8e_gcc_rel.a(system_sam3xa.o)
 .ARM.attributes